Archive member included to satisfy reference by file (symbol)

c:/st/stm32cubeide_1.11.0/stm32cubeide/plugins/com.st.stm32cube.ide.mcu.externaltools.gnu-tools-for-stm32.10.3-2021.10.win32_1.0.100.202210260954/tools/bin/../lib/gcc/arm-none-eabi/10.3.1/../../../../arm-none-eabi/lib/thumb/v8-m.main+fp/hard\libc_nano.a(lib_a-errno.o)
                              ./Core/Src/syscalls.o (__errno)
c:/st/stm32cubeide_1.11.0/stm32cubeide/plugins/com.st.stm32cube.ide.mcu.externaltools.gnu-tools-for-stm32.10.3-2021.10.win32_1.0.100.202210260954/tools/bin/../lib/gcc/arm-none-eabi/10.3.1/../../../../arm-none-eabi/lib/thumb/v8-m.main+fp/hard\libc_nano.a(lib_a-exit.o)
                              c:/st/stm32cubeide_1.11.0/stm32cubeide/plugins/com.st.stm32cube.ide.mcu.externaltools.gnu-tools-for-stm32.10.3-2021.10.win32_1.0.100.202210260954/tools/bin/../lib/gcc/arm-none-eabi/10.3.1/../../../../arm-none-eabi/lib/thumb/v8-m.main+fp/hard/crt0.o (exit)
c:/st/stm32cubeide_1.11.0/stm32cubeide/plugins/com.st.stm32cube.ide.mcu.externaltools.gnu-tools-for-stm32.10.3-2021.10.win32_1.0.100.202210260954/tools/bin/../lib/gcc/arm-none-eabi/10.3.1/../../../../arm-none-eabi/lib/thumb/v8-m.main+fp/hard\libc_nano.a(lib_a-impure.o)
                              c:/st/stm32cubeide_1.11.0/stm32cubeide/plugins/com.st.stm32cube.ide.mcu.externaltools.gnu-tools-for-stm32.10.3-2021.10.win32_1.0.100.202210260954/tools/bin/../lib/gcc/arm-none-eabi/10.3.1/../../../../arm-none-eabi/lib/thumb/v8-m.main+fp/hard\libc_nano.a(lib_a-exit.o) (_global_impure_ptr)
c:/st/stm32cubeide_1.11.0/stm32cubeide/plugins/com.st.stm32cube.ide.mcu.externaltools.gnu-tools-for-stm32.10.3-2021.10.win32_1.0.100.202210260954/tools/bin/../lib/gcc/arm-none-eabi/10.3.1/../../../../arm-none-eabi/lib/thumb/v8-m.main+fp/hard\libc_nano.a(lib_a-init.o)
                              c:/st/stm32cubeide_1.11.0/stm32cubeide/plugins/com.st.stm32cube.ide.mcu.externaltools.gnu-tools-for-stm32.10.3-2021.10.win32_1.0.100.202210260954/tools/bin/../lib/gcc/arm-none-eabi/10.3.1/../../../../arm-none-eabi/lib/thumb/v8-m.main+fp/hard/crt0.o (__libc_init_array)
c:/st/stm32cubeide_1.11.0/stm32cubeide/plugins/com.st.stm32cube.ide.mcu.externaltools.gnu-tools-for-stm32.10.3-2021.10.win32_1.0.100.202210260954/tools/bin/../lib/gcc/arm-none-eabi/10.3.1/../../../../arm-none-eabi/lib/thumb/v8-m.main+fp/hard\libc_nano.a(lib_a-memset.o)
                              c:/st/stm32cubeide_1.11.0/stm32cubeide/plugins/com.st.stm32cube.ide.mcu.externaltools.gnu-tools-for-stm32.10.3-2021.10.win32_1.0.100.202210260954/tools/bin/../lib/gcc/arm-none-eabi/10.3.1/../../../../arm-none-eabi/lib/thumb/v8-m.main+fp/hard/crt0.o (memset)
c:/st/stm32cubeide_1.11.0/stm32cubeide/plugins/com.st.stm32cube.ide.mcu.externaltools.gnu-tools-for-stm32.10.3-2021.10.win32_1.0.100.202210260954/tools/bin/../lib/gcc/arm-none-eabi/10.3.1/thumb/v8-m.main+fp/hard\libgcc.a(_aeabi_uldivmod.o)
                              ./Drivers/STM32U5xx_HAL_Driver/Src/stm32u5xx_hal_uart.o (__aeabi_uldivmod)
c:/st/stm32cubeide_1.11.0/stm32cubeide/plugins/com.st.stm32cube.ide.mcu.externaltools.gnu-tools-for-stm32.10.3-2021.10.win32_1.0.100.202210260954/tools/bin/../lib/gcc/arm-none-eabi/10.3.1/thumb/v8-m.main+fp/hard\libgcc.a(_udivmoddi4.o)
                              c:/st/stm32cubeide_1.11.0/stm32cubeide/plugins/com.st.stm32cube.ide.mcu.externaltools.gnu-tools-for-stm32.10.3-2021.10.win32_1.0.100.202210260954/tools/bin/../lib/gcc/arm-none-eabi/10.3.1/thumb/v8-m.main+fp/hard\libgcc.a(_aeabi_uldivmod.o) (__udivmoddi4)
c:/st/stm32cubeide_1.11.0/stm32cubeide/plugins/com.st.stm32cube.ide.mcu.externaltools.gnu-tools-for-stm32.10.3-2021.10.win32_1.0.100.202210260954/tools/bin/../lib/gcc/arm-none-eabi/10.3.1/thumb/v8-m.main+fp/hard\libgcc.a(_dvmd_tls.o)
                              c:/st/stm32cubeide_1.11.0/stm32cubeide/plugins/com.st.stm32cube.ide.mcu.externaltools.gnu-tools-for-stm32.10.3-2021.10.win32_1.0.100.202210260954/tools/bin/../lib/gcc/arm-none-eabi/10.3.1/thumb/v8-m.main+fp/hard\libgcc.a(_aeabi_uldivmod.o) (__aeabi_ldiv0)

Discarded input sections

 .text          0x0000000000000000        0x0 c:/st/stm32cubeide_1.11.0/stm32cubeide/plugins/com.st.stm32cube.ide.mcu.externaltools.gnu-tools-for-stm32.10.3-2021.10.win32_1.0.100.202210260954/tools/bin/../lib/gcc/arm-none-eabi/10.3.1/thumb/v8-m.main+fp/hard/crti.o
 .data          0x0000000000000000        0x0 c:/st/stm32cubeide_1.11.0/stm32cubeide/plugins/com.st.stm32cube.ide.mcu.externaltools.gnu-tools-for-stm32.10.3-2021.10.win32_1.0.100.202210260954/tools/bin/../lib/gcc/arm-none-eabi/10.3.1/thumb/v8-m.main+fp/hard/crti.o
 .bss           0x0000000000000000        0x0 c:/st/stm32cubeide_1.11.0/stm32cubeide/plugins/com.st.stm32cube.ide.mcu.externaltools.gnu-tools-for-stm32.10.3-2021.10.win32_1.0.100.202210260954/tools/bin/../lib/gcc/arm-none-eabi/10.3.1/thumb/v8-m.main+fp/hard/crti.o
[...]
Memory Configuration

Name             Origin             Length             Attributes
RAM              0x0000000020000000 0x00000000000c0000 xrw
SRAM4            0x0000000028000000 0x0000000000004000 xrw
FLASH            0x0000000008000000 0x0000000000200000 xr
*default*        0x0000000000000000 0xffffffffffffffff

Linker script and memory map

LOAD c:/st/stm32cubeide_1.11.0/stm32cubeide/plugins/com.st.stm32cube.ide.mcu.externaltools.gnu-tools-for-stm32.10.3-2021.10.win32_1.0.100.202210260954/tools/bin/../lib/gcc/arm-none-eabi/10.3.1/thumb/v8-m.main+fp/hard/crti.o
LOAD c:/st/stm32cubeide_1.11.0/stm32cubeide/plugins/com.st.stm32cube.ide.mcu.externaltools.gnu-tools-for-stm32.10.3-2021.10.win32_1.0.100.202210260954/tools/bin/../lib/gcc/arm-none-eabi/10.3.1/thumb/v8-m.main+fp/hard/crtbegin.o
LOAD c:/st/stm32cubeide_1.11.0/stm32cubeide/plugins/com.st.stm32cube.ide.mcu.externaltools.gnu-tools-for-stm32.10.3-2021.10.win32_1.0.100.202210260954/tools/bin/../lib/gcc/arm-none-eabi/10.3.1/../../../../arm-none-eabi/lib/thumb/v8-m.main+fp/hard/crt0.o
LOAD ./Core/Src/main.o
LOAD ./Core/Src/stm32u5xx_hal_msp.o
LOAD ./Core/Src/stm32u5xx_hal_timebase_tim.o
LOAD ./Core/Src/stm32u5xx_it.o
LOAD ./Core/Src/syscalls.o
LOAD ./Core/Src/sysmem.o
LOAD ./Core/Src/system_stm32u5xx.o
LOAD ./Core/Startup/startup_stm32u575zitxq.o
LOAD ./Drivers/STM32U5xx_HAL_Driver/Src/stm32u5xx_hal.o
LOAD ./Drivers/STM32U5xx_HAL_Driver/Src/stm32u5xx_hal_cortex.o
LOAD ./Drivers/STM32U5xx_HAL_Driver/Src/stm32u5xx_hal_dma.o
LOAD ./Drivers/STM32U5xx_HAL_Driver/Src/stm32u5xx_hal_dma_ex.o
LOAD ./Drivers/STM32U5xx_HAL_Driver/Src/stm32u5xx_hal_exti.o
LOAD ./Drivers/STM32U5xx_HAL_Driver/Src/stm32u5xx_hal_flash.o
LOAD ./Drivers/STM32U5xx_HAL_Driver/Src/stm32u5xx_hal_flash_ex.o
LOAD ./Drivers/STM32U5xx_HAL_Driver/Src/stm32u5xx_hal_gpio.o
LOAD ./Drivers/STM32U5xx_HAL_Driver/Src/stm32u5xx_hal_gtzc.o
LOAD ./Drivers/STM32U5xx_HAL_Driver/Src/stm32u5xx_hal_i2c.o
LOAD ./Drivers/STM32U5xx_HAL_Driver/Src/stm32u5xx_hal_i2c_ex.o
LOAD ./Drivers/STM32U5xx_HAL_Driver/Src/stm32u5xx_hal_icache.o
LOAD ./Drivers/STM32U5xx_HAL_Driver/Src/stm32u5xx_hal_pwr.o
LOAD ./Drivers/STM32U5xx_HAL_Driver/Src/stm32u5xx_hal_pwr_ex.o
LOAD ./Drivers/STM32U5xx_HAL_Driver/Src/stm32u5xx_hal_rcc.o
LOAD ./Drivers/STM32U5xx_HAL_Driver/Src/stm32u5xx_hal_rcc_ex.o
LOAD ./Drivers/STM32U5xx_HAL_Driver/Src/stm32u5xx_hal_tim.o
LOAD ./Drivers/STM32U5xx_HAL_Driver/Src/stm32u5xx_hal_tim_ex.o
LOAD ./Drivers/STM32U5xx_HAL_Driver/Src/stm32u5xx_hal_uart.o
LOAD ./Drivers/STM32U5xx_HAL_Driver/Src/stm32u5xx_hal_uart_ex.o
START GROUP
LOAD c:/st/stm32cubeide_1.11.0/stm32cubeide/plugins/com.st.stm32cube.ide.mcu.externaltools.gnu-tools-for-stm32.10.3-2021.10.win32_1.0.100.202210260954/tools/bin/../lib/gcc/arm-none-eabi/10.3.1/../../../../arm-none-eabi/lib/thumb/v8-m.main+fp/hard\libc_nano.a
LOAD c:/st/stm32cubeide_1.11.0/stm32cubeide/plugins/com.st.stm32cube.ide.mcu.externaltools.gnu-tools-for-stm32.10.3-2021.10.win32_1.0.100.202210260954/tools/bin/../lib/gcc/arm-none-eabi/10.3.1/../../../../arm-none-eabi/lib/thumb/v8-m.main+fp/hard\libm.a
END GROUP
START GROUP
LOAD c:/st/stm32cubeide_1.11.0/stm32cubeide/plugins/com.st.stm32cube.ide.mcu.externaltools.gnu-tools-for-stm32.10.3-2021.10.win32_1.0.100.202210260954/tools/bin/../lib/gcc/arm-none-eabi/10.3.1/thumb/v8-m.main+fp/hard\libgcc.a
LOAD c:/st/stm32cubeide_1.11.0/stm32cubeide/plugins/com.st.stm32cube.ide.mcu.externaltools.gnu-tools-for-stm32.10.3-2021.10.win32_1.0.100.202210260954/tools/bin/../lib/gcc/arm-none-eabi/10.3.1/../../../../arm-none-eabi/lib/thumb/v8-m.main+fp/hard\libc_nano.a
END GROUP
START GROUP
LOAD c:/st/stm32cubeide_1.11.0/stm32cubeide/plugins/com.st.stm32cube.ide.mcu.externaltools.gnu-tools-for-stm32.10.3-2021.10.win32_1.0.100.202210260954/tools/bin/../lib/gcc/arm-none-eabi/10.3.1/thumb/v8-m.main+fp/hard\libgcc.a
LOAD c:/st/stm32cubeide_1.11.0/stm32cubeide/plugins/com.st.stm32cube.ide.mcu.externaltools.gnu-tools-for-stm32.10.3-2021.10.win32_1.0.100.202210260954/tools/bin/../lib/gcc/arm-none-eabi/10.3.1/../../../../arm-none-eabi/lib/thumb/v8-m.main+fp/hard\libc_nano.a
LOAD c:/st/stm32cubeide_1.11.0/stm32cubeide/plugins/com.st.stm32cube.ide.mcu.externaltools.gnu-tools-for-stm32.10.3-2021.10.win32_1.0.100.202210260954/tools/bin/../lib/gcc/arm-none-eabi/10.3.1/../../../../arm-none-eabi/lib/thumb/v8-m.main+fp/hard\libnosys.a
END GROUP
START GROUP
LOAD c:/st/stm32cubeide_1.11.0/stm32cubeide/plugins/com.st.stm32cube.ide.mcu.externaltools.gnu-tools-for-stm32.10.3-2021.10.win32_1.0.100.202210260954/tools/bin/../lib/gcc/arm-none-eabi/10.3.1/thumb/v8-m.main+fp/hard\libgcc.a
LOAD c:/st/stm32cubeide_1.11.0/stm32cubeide/plugins/com.st.stm32cube.ide.mcu.externaltools.gnu-tools-for-stm32.10.3-2021.10.win32_1.0.100.202210260954/tools/bin/../lib/gcc/arm-none-eabi/10.3.1/../../../../arm-none-eabi/lib/thumb/v8-m.main+fp/hard\libc_nano.a
LOAD c:/st/stm32cubeide_1.11.0/stm32cubeide/plugins/com.st.stm32cube.ide.mcu.externaltools.gnu-tools-for-stm32.10.3-2021.10.win32_1.0.100.202210260954/tools/bin/../lib/gcc/arm-none-eabi/10.3.1/../../../../arm-none-eabi/lib/thumb/v8-m.main+fp/hard\libnosys.a
END GROUP
LOAD c:/st/stm32cubeide_1.11.0/stm32cubeide/plugins/com.st.stm32cube.ide.mcu.externaltools.gnu-tools-for-stm32.10.3-2021.10.win32_1.0.100.202210260954/tools/bin/../lib/gcc/arm-none-eabi/10.3.1/thumb/v8-m.main+fp/hard/crtend.o
LOAD c:/st/stm32cubeide_1.11.0/stm32cubeide/plugins/com.st.stm32cube.ide.mcu.externaltools.gnu-tools-for-stm32.10.3-2021.10.win32_1.0.100.202210260954/tools/bin/../lib/gcc/arm-none-eabi/10.3.1/thumb/v8-m.main+fp/hard/crtn.o
                0x00000000200c0000                _estack = (ORIGIN (RAM) + LENGTH (RAM))
                0x0000000000000200                _Min_Heap_Size = 0x200
                0x0000000000000400                _Min_Stack_Size = 0x400

.isr_vector     0x0000000008000000      0x234
 *(.isr_vector)
 .isr_vector    0x0000000008000000      0x234 ./Core/Startup/startup_stm32u575zitxq.o
                0x0000000008000000                g_pfnVectors

.text           0x0000000008000234     0x7e34
 *(.text)
 .text          0x0000000008000234       0x40 c:/st/stm32cubeide_1.11.0/stm32cubeide/plugins/com.st.stm32cube.ide.mcu.externaltools.gnu-tools-for-stm32.10.3-2021.10.win32_1.0.100.202210260954/tools/bin/../lib/gcc/arm-none-eabi/10.3.1/thumb/v8-m.main+fp/hard/crtbegin.o
 .text          0x0000000008000274       0x30 c:/st/stm32cubeide_1.11.0/stm32cubeide/plugins/com.st.stm32cube.ide.mcu.externaltools.gnu-tools-for-stm32.10.3-2021.10.win32_1.0.100.202210260954/tools/bin/../lib/gcc/arm-none-eabi/10.3.1/thumb/v8-m.main+fp/hard\libgcc.a(_aeabi_uldivmod.o)
                0x0000000008000274                __aeabi_uldivmod
 .text          0x00000000080002a4      0x2ec c:/st/stm32cubeide_1.11.0/stm32cubeide/plugins/com.st.stm32cube.ide.mcu.externaltools.gnu-tools-for-stm32.10.3-2021.10.win32_1.0.100.202210260954/tools/bin/../lib/gcc/arm-none-eabi/10.3.1/thumb/v8-m.main+fp/hard\libgcc.a(_udivmoddi4.o)
                0x00000000080002a4                __udivmoddi4
 .text          0x0000000008000590        0x4 c:/st/stm32cubeide_1.11.0/stm32cubeide/plugins/com.st.stm32cube.ide.mcu.externaltools.gnu-tools-for-stm32.10.3-2021.10.win32_1.0.100.202210260954/tools/bin/../lib/gcc/arm-none-eabi/10.3.1/thumb/v8-m.main+fp/hard\libgcc.a(_dvmd_tls.o)
                0x0000000008000590                __aeabi_idiv0
                0x0000000008000590                __aeabi_ldiv0
 *(.text*)
 .text.main     0x0000000008000594       0x98 ./Core/Src/main.o
                0x0000000008000594                main
 .text.SystemClock_Config
                0x000000000800062c       0xb8 ./Core/Src/main.o
                0x000000000800062c                SystemClock_Config
 .text.SystemPower_Config
                0x00000000080006e4       0x20 ./Core/Src/main.o
 .text.MX_ICACHE_Init
                0x0000000008000704       0x26 ./Core/Src/main.o
 *fill*         0x000000000800072a        0x2 
 .text.MX_USART1_UART_Init
                0x000000000800072c       0x9c ./Core/Src/main.o
 .text.MX_USART2_UART_Init
                0x00000000080007c8       0x9c ./Core/Src/main.o
 .text.MX_GPIO_Init
                0x0000000008000864      0x1c4 ./Core/Src/main.o
 .text.HAL_UART_TxCpltCallback
                0x0000000008000a28       0x20 ./Core/Src/main.o
                0x0000000008000a28                HAL_UART_TxCpltCallback
 .text.HAL_TIM_PeriodElapsedCallback
                0x0000000008000a48       0x24 ./Core/Src/main.o
                0x0000000008000a48                HAL_TIM_PeriodElapsedCallback
 .text.Error_Handler
                0x0000000008000a6c        0xa ./Core/Src/main.o
                0x0000000008000a6c                Error_Handler
 *fill*         0x0000000008000a76        0x2 
 .text.HAL_MspInit
                0x0000000008000a78       0x38 ./Core/Src/stm32u5xx_hal_msp.o
                0x0000000008000a78                HAL_MspInit
 .text.HAL_UART_MspInit
                0x0000000008000ab0      0x18c ./Core/Src/stm32u5xx_hal_msp.o
                0x0000000008000ab0                HAL_UART_MspInit
 .text.HAL_InitTick
                0x0000000008000c3c       0xe0 ./Core/Src/stm32u5xx_hal_timebase_tim.o
                0x0000000008000c3c                HAL_InitTick
 .text.NMI_Handler
                0x0000000008000d1c        0x6 ./Core/Src/stm32u5xx_it.o
                0x0000000008000d1c                NMI_Handler
 .text.HardFault_Handler
                0x0000000008000d22        0x6 ./Core/Src/stm32u5xx_it.o
                0x0000000008000d22                HardFault_Handler
 .text.MemManage_Handler
                0x0000000008000d28        0x6 ./Core/Src/stm32u5xx_it.o
                0x0000000008000d28                MemManage_Handler
 .text.BusFault_Handler
                0x0000000008000d2e        0x6 ./Core/Src/stm32u5xx_it.o
                0x0000000008000d2e                BusFault_Handler
 .text.UsageFault_Handler
                0x0000000008000d34        0x6 ./Core/Src/stm32u5xx_it.o
                0x0000000008000d34                UsageFault_Handler
 .text.SVC_Handler
                0x0000000008000d3a        0xe ./Core/Src/stm32u5xx_it.o
                0x0000000008000d3a                SVC_Handler
 .text.DebugMon_Handler
                0x0000000008000d48        0xe ./Core/Src/stm32u5xx_it.o
                0x0000000008000d48                DebugMon_Handler
 .text.PendSV_Handler
                0x0000000008000d56        0xe ./Core/Src/stm32u5xx_it.o
                0x0000000008000d56                PendSV_Handler
 .text.SysTick_Handler
                0x0000000008000d64        0xe ./Core/Src/stm32u5xx_it.o
                0x0000000008000d64                SysTick_Handler
 *fill*         0x0000000008000d72        0x2 
 .text.USART1_IRQHandler
                0x0000000008000d74       0x14 ./Core/Src/stm32u5xx_it.o
                0x0000000008000d74                USART1_IRQHandler
 .text.USART2_IRQHandler
                0x0000000008000d88       0x14 ./Core/Src/stm32u5xx_it.o
                0x0000000008000d88                USART2_IRQHandler
 .text.TIM17_IRQHandler
                0x0000000008000d9c       0x14 ./Core/Src/stm32u5xx_it.o
                0x0000000008000d9c                TIM17_IRQHandler
 .text.SystemInit
                0x0000000008000db0       0x70 ./Core/Src/system_stm32u5xx.o
                0x0000000008000db0                SystemInit
 .text.Reset_Handler
                0x0000000008000e20       0x50 ./Core/Startup/startup_stm32u575zitxq.o
                0x0000000008000e20                Reset_Handler
 .text.Default_Handler
                0x0000000008000e70        0x2 ./Core/Startup/startup_stm32u575zitxq.o
                0x0000000008000e70                EXTI2_IRQHandler
                0x0000000008000e70                TIM8_TRG_COM_IRQHandler
                0x0000000008000e70                TIM8_CC_IRQHandler
                0x0000000008000e70                EXTI5_IRQHandler
                0x0000000008000e70                FLASH_S_IRQHandler
                0x0000000008000e70                EXTI13_IRQHandler
                0x0000000008000e70                TIM1_CC_IRQHandler
                0x0000000008000e70                TSC_IRQHandler
                0x0000000008000e70                TAMP_IRQHandler
                0x0000000008000e70                TIM6_IRQHandler
                0x0000000008000e70                EXTI12_IRQHandler
                0x0000000008000e70                CORDIC_IRQHandler
                0x0000000008000e70                EXTI3_IRQHandler
                0x0000000008000e70                LPTIM4_IRQHandler
                0x0000000008000e70                GPDMA1_Channel5_IRQHandler
                0x0000000008000e70                EXTI8_IRQHandler
                0x0000000008000e70                LPTIM2_IRQHandler
                0x0000000008000e70                I2C3_ER_IRQHandler
                0x0000000008000e70                PWR_S3WU_IRQHandler
                0x0000000008000e70                MDF1_FLT2_IRQHandler
                0x0000000008000e70                LPDMA1_Channel3_IRQHandler
                0x0000000008000e70                LPTIM3_IRQHandler
                0x0000000008000e70                EXTI0_IRQHandler
                0x0000000008000e70                I2C2_EV_IRQHandler
                0x0000000008000e70                FPU_IRQHandler
                0x0000000008000e70                GPDMA1_Channel3_IRQHandler
                0x0000000008000e70                GPDMA1_Channel7_IRQHandler
                0x0000000008000e70                MDF1_FLT4_IRQHandler
                0x0000000008000e70                FDCAN1_IT1_IRQHandler
                0x0000000008000e70                RAMCFG_IRQHandler
                0x0000000008000e70                GPDMA1_Channel9_IRQHandler
                0x0000000008000e70                DCACHE1_IRQHandler
                0x0000000008000e70                SPI1_IRQHandler
                0x0000000008000e70                OCTOSPI1_IRQHandler
                0x0000000008000e70                GPDMA1_Channel2_IRQHandler
                0x0000000008000e70                TIM8_UP_IRQHandler
                0x0000000008000e70                RCC_S_IRQHandler
                0x0000000008000e70                OCTOSPI2_IRQHandler
                0x0000000008000e70                SAI2_IRQHandler
                0x0000000008000e70                MDF1_FLT1_IRQHandler
                0x0000000008000e70                ADC1_IRQHandler
                0x0000000008000e70                MDF1_FLT5_IRQHandler
                0x0000000008000e70                EXTI15_IRQHandler
                0x0000000008000e70                USART3_IRQHandler
                0x0000000008000e70                RTC_IRQHandler
                0x0000000008000e70                EXTI9_IRQHandler
                0x0000000008000e70                UART5_IRQHandler
                0x0000000008000e70                TIM4_IRQHandler
                0x0000000008000e70                I2C1_EV_IRQHandler
                0x0000000008000e70                GPDMA1_Channel12_IRQHandler
                0x0000000008000e70                GPDMA1_Channel1_IRQHandler
                0x0000000008000e70                TIM16_IRQHandler
                0x0000000008000e70                GPDMA1_Channel15_IRQHandler
                0x0000000008000e70                UART4_IRQHandler
                0x0000000008000e70                SecureFault_Handler
                0x0000000008000e70                TIM3_IRQHandler
                0x0000000008000e70                RCC_IRQHandler
                0x0000000008000e70                TIM1_TRG_COM_IRQHandler
                0x0000000008000e70                Default_Handler
                0x0000000008000e70                GPDMA1_Channel8_IRQHandler
                0x0000000008000e70                FMAC_IRQHandler
                0x0000000008000e70                GPDMA1_Channel11_IRQHandler
                0x0000000008000e70                TIM7_IRQHandler
                0x0000000008000e70                SDMMC1_IRQHandler
                0x0000000008000e70                TIM5_IRQHandler
                0x0000000008000e70                UCPD1_IRQHandler
                0x0000000008000e70                GPDMA1_Channel0_IRQHandler
                0x0000000008000e70                TIM15_IRQHandler
                0x0000000008000e70                I2C3_EV_IRQHandler
                0x0000000008000e70                LPDMA1_Channel0_IRQHandler
                0x0000000008000e70                PVD_PVM_IRQHandler
                0x0000000008000e70                SPI2_IRQHandler
                0x0000000008000e70                LPDMA1_Channel1_IRQHandler
                0x0000000008000e70                EXTI14_IRQHandler
                0x0000000008000e70                EXTI11_IRQHandler
                0x0000000008000e70                CRS_IRQHandler
                0x0000000008000e70                GPDMA1_Channel14_IRQHandler
                0x0000000008000e70                EXTI4_IRQHandler
                0x0000000008000e70                RTC_S_IRQHandler
                0x0000000008000e70                GPDMA1_Channel13_IRQHandler
                0x0000000008000e70                RNG_IRQHandler
                0x0000000008000e70                COMP_IRQHandler
                0x0000000008000e70                TIM1_UP_IRQHandler
                0x0000000008000e70                ADC4_IRQHandler
                0x0000000008000e70                WWDG_IRQHandler
                0x0000000008000e70                I2C4_EV_IRQHandler
                0x0000000008000e70                ADF1_IRQHandler
                0x0000000008000e70                IWDG_IRQHandler
                0x0000000008000e70                LPUART1_IRQHandler
                0x0000000008000e70                MDF1_FLT0_IRQHandler
                0x0000000008000e70                FDCAN1_IT0_IRQHandler
                0x0000000008000e70                TIM2_IRQHandler
                0x0000000008000e70                GPDMA1_Channel4_IRQHandler
                0x0000000008000e70                EXTI7_IRQHandler
                0x0000000008000e70                DMA2D_IRQHandler
                0x0000000008000e70                TIM1_BRK_IRQHandler
                0x0000000008000e70                EXTI1_IRQHandler
                0x0000000008000e70                SDMMC2_IRQHandler
                0x0000000008000e70                DAC1_IRQHandler
                0x0000000008000e70                GTZC_IRQHandler
                0x0000000008000e70                MDF1_FLT3_IRQHandler
                0x0000000008000e70                GPDMA1_Channel6_IRQHandler
                0x0000000008000e70                I2C2_ER_IRQHandler
                0x0000000008000e70                TIM8_BRK_IRQHandler
                0x0000000008000e70                FLASH_IRQHandler
                0x0000000008000e70                EXTI10_IRQHandler
                0x0000000008000e70                OTG_FS_IRQHandler
                0x0000000008000e70                SPI3_IRQHandler
                0x0000000008000e70                LPDMA1_Channel2_IRQHandler
                0x0000000008000e70                I2C1_ER_IRQHandler
                0x0000000008000e70                FMC_IRQHandler
                0x0000000008000e70                EXTI6_IRQHandler
                0x0000000008000e70                LPTIM1_IRQHandler
                0x0000000008000e70                DCMI_PSSI_IRQHandler
                0x0000000008000e70                I2C4_ER_IRQHandler
                0x0000000008000e70                GPDMA1_Channel10_IRQHandler
                0x0000000008000e70                ICACHE_IRQHandler
                0x0000000008000e70                SAI1_IRQHandler
                0x0000000008000e70                HASH_IRQHandler
 *fill*         0x0000000008000e72        0x2 
 .text.HAL_Init
                0x0000000008000e74       0x5c ./Drivers/STM32U5xx_HAL_Driver/Src/stm32u5xx_hal.o
                0x0000000008000e74                HAL_Init
 .text.HAL_IncTick
                0x0000000008000ed0       0x28 ./Drivers/STM32U5xx_HAL_Driver/Src/stm32u5xx_hal.o
                0x0000000008000ed0                HAL_IncTick
 .text.HAL_GetTick
                0x0000000008000ef8       0x18 ./Drivers/STM32U5xx_HAL_Driver/Src/stm32u5xx_hal.o
                0x0000000008000ef8                HAL_GetTick
 .text.HAL_Delay
                0x0000000008000f10       0x48 ./Drivers/STM32U5xx_HAL_Driver/Src/stm32u5xx_hal.o
                0x0000000008000f10                HAL_Delay
 .text.__NVIC_SetPriorityGrouping
                0x0000000008000f58       0x48 ./Drivers/STM32U5xx_HAL_Driver/Src/stm32u5xx_hal_cortex.o
 .text.__NVIC_GetPriorityGrouping
                0x0000000008000fa0       0x1c ./Drivers/STM32U5xx_HAL_Driver/Src/stm32u5xx_hal_cortex.o
 .text.__NVIC_EnableIRQ
                0x0000000008000fbc       0x3c ./Drivers/STM32U5xx_HAL_Driver/Src/stm32u5xx_hal_cortex.o
 .text.__NVIC_SetPriority
                0x0000000008000ff8       0x54 ./Drivers/STM32U5xx_HAL_Driver/Src/stm32u5xx_hal_cortex.o
 .text.NVIC_EncodePriority
                0x000000000800104c       0x66 ./Drivers/STM32U5xx_HAL_Driver/Src/stm32u5xx_hal_cortex.o
 .text.HAL_NVIC_SetPriorityGrouping
                0x00000000080010b2       0x16 ./Drivers/STM32U5xx_HAL_Driver/Src/stm32u5xx_hal_cortex.o
                0x00000000080010b2                HAL_NVIC_SetPriorityGrouping
 .text.HAL_NVIC_SetPriority
                0x00000000080010c8       0x34 ./Drivers/STM32U5xx_HAL_Driver/Src/stm32u5xx_hal_cortex.o
                0x00000000080010c8                HAL_NVIC_SetPriority
 .text.HAL_NVIC_EnableIRQ
                0x00000000080010fc       0x1c ./Drivers/STM32U5xx_HAL_Driver/Src/stm32u5xx_hal_cortex.o
                0x00000000080010fc                HAL_NVIC_EnableIRQ
 .text.HAL_DMA_Abort
                0x0000000008001118       0xf8 ./Drivers/STM32U5xx_HAL_Driver/Src/stm32u5xx_hal_dma.o
                0x0000000008001118                HAL_DMA_Abort
 .text.HAL_DMA_Abort_IT
                0x0000000008001210       0x52 ./Drivers/STM32U5xx_HAL_Driver/Src/stm32u5xx_hal_dma.o
                0x0000000008001210                HAL_DMA_Abort_IT
 *fill*         0x0000000008001262        0x2 
 .text.HAL_GPIO_Init
                0x0000000008001264      0x3b0 ./Drivers/STM32U5xx_HAL_Driver/Src/stm32u5xx_hal_gpio.o
                0x0000000008001264                HAL_GPIO_Init
 .text.HAL_GPIO_WritePin
                0x0000000008001614       0x30 ./Drivers/STM32U5xx_HAL_Driver/Src/stm32u5xx_hal_gpio.o
                0x0000000008001614                HAL_GPIO_WritePin
 .text.HAL_GPIO_TogglePin
                0x0000000008001644       0x34 ./Drivers/STM32U5xx_HAL_Driver/Src/stm32u5xx_hal_gpio.o
                0x0000000008001644                HAL_GPIO_TogglePin
 .text.HAL_ICACHE_ConfigAssociativityMode
                0x0000000008001678       0x40 ./Drivers/STM32U5xx_HAL_Driver/Src/stm32u5xx_hal_icache.o
                0x0000000008001678                HAL_ICACHE_ConfigAssociativityMode
 .text.HAL_ICACHE_Enable
                0x00000000080016b8       0x20 ./Drivers/STM32U5xx_HAL_Driver/Src/stm32u5xx_hal_icache.o
                0x00000000080016b8                HAL_ICACHE_Enable
 .text.HAL_PWREx_ControlVoltageScaling
                0x00000000080016d8       0xe8 ./Drivers/STM32U5xx_HAL_Driver/Src/stm32u5xx_hal_pwr_ex.o
                0x00000000080016d8                HAL_PWREx_ControlVoltageScaling
 .text.HAL_PWREx_GetVoltageRange
                0x00000000080017c0       0x1c ./Drivers/STM32U5xx_HAL_Driver/Src/stm32u5xx_hal_pwr_ex.o
                0x00000000080017c0                HAL_PWREx_GetVoltageRange
 .text.HAL_PWREx_ConfigSupply
                0x00000000080017dc       0xa0 ./Drivers/STM32U5xx_HAL_Driver/Src/stm32u5xx_hal_pwr_ex.o
                0x00000000080017dc                HAL_PWREx_ConfigSupply
 .text.HAL_PWREx_EnableVddIO2
                0x000000000800187c       0x20 ./Drivers/STM32U5xx_HAL_Driver/Src/stm32u5xx_hal_pwr_ex.o
                0x000000000800187c                HAL_PWREx_EnableVddIO2
 .text.HAL_PWREx_DisableUCPDDeadBattery
                0x000000000800189c       0x20 ./Drivers/STM32U5xx_HAL_Driver/Src/stm32u5xx_hal_pwr_ex.o
                0x000000000800189c                HAL_PWREx_DisableUCPDDeadBattery
 .text.HAL_RCC_OscConfig
                0x00000000080018bc      0xdac ./Drivers/STM32U5xx_HAL_Driver/Src/stm32u5xx_hal_rcc.o
                0x00000000080018bc                HAL_RCC_OscConfig
 .text.HAL_RCC_ClockConfig
                0x0000000008002668      0x3e4 ./Drivers/STM32U5xx_HAL_Driver/Src/stm32u5xx_hal_rcc.o
                0x0000000008002668                HAL_RCC_ClockConfig
 .text.HAL_RCC_GetSysClockFreq
                0x0000000008002a4c      0x210 ./Drivers/STM32U5xx_HAL_Driver/Src/stm32u5xx_hal_rcc.o
                0x0000000008002a4c                HAL_RCC_GetSysClockFreq
 .text.HAL_RCC_GetHCLKFreq
                0x0000000008002c5c       0x34 ./Drivers/STM32U5xx_HAL_Driver/Src/stm32u5xx_hal_rcc.o
                0x0000000008002c5c                HAL_RCC_GetHCLKFreq
 .text.HAL_RCC_GetPCLK1Freq
                0x0000000008002c90       0x28 ./Drivers/STM32U5xx_HAL_Driver/Src/stm32u5xx_hal_rcc.o
                0x0000000008002c90                HAL_RCC_GetPCLK1Freq
 .text.HAL_RCC_GetPCLK2Freq
                0x0000000008002cb8       0x28 ./Drivers/STM32U5xx_HAL_Driver/Src/stm32u5xx_hal_rcc.o
                0x0000000008002cb8                HAL_RCC_GetPCLK2Freq
 .text.HAL_RCC_GetPCLK3Freq
                0x0000000008002ce0       0x28 ./Drivers/STM32U5xx_HAL_Driver/Src/stm32u5xx_hal_rcc.o
                0x0000000008002ce0                HAL_RCC_GetPCLK3Freq
 .text.HAL_RCC_GetClockConfig
                0x0000000008002d08       0x70 ./Drivers/STM32U5xx_HAL_Driver/Src/stm32u5xx_hal_rcc.o
                0x0000000008002d08                HAL_RCC_GetClockConfig
 .text.RCC_SetFlashLatencyFromMSIRange
                0x0000000008002d78      0x10c ./Drivers/STM32U5xx_HAL_Driver/Src/stm32u5xx_hal_rcc.o
 .text.HAL_RCCEx_PeriphCLKConfig
                0x0000000008002e84      0xb80 ./Drivers/STM32U5xx_HAL_Driver/Src/stm32u5xx_hal_rcc_ex.o
                0x0000000008002e84                HAL_RCCEx_PeriphCLKConfig
 .text.HAL_RCCEx_GetPLL1ClockFreq
                0x0000000008003a04      0x2cc ./Drivers/STM32U5xx_HAL_Driver/Src/stm32u5xx_hal_rcc_ex.o
                0x0000000008003a04                HAL_RCCEx_GetPLL1ClockFreq
 .text.HAL_RCCEx_GetPLL2ClockFreq
                0x0000000008003cd0      0x2cc ./Drivers/STM32U5xx_HAL_Driver/Src/stm32u5xx_hal_rcc_ex.o
                0x0000000008003cd0                HAL_RCCEx_GetPLL2ClockFreq
 .text.HAL_RCCEx_GetPLL3ClockFreq
                0x0000000008003f9c      0x2cc ./Drivers/STM32U5xx_HAL_Driver/Src/stm32u5xx_hal_rcc_ex.o
                0x0000000008003f9c                HAL_RCCEx_GetPLL3ClockFreq
 .text.HAL_RCCEx_GetPeriphCLKFreq
                0x0000000008004268     0x1250 ./Drivers/STM32U5xx_HAL_Driver/Src/stm32u5xx_hal_rcc_ex.o
                0x0000000008004268                HAL_RCCEx_GetPeriphCLKFreq
 .text.RCCEx_PLL2_Config
                0x00000000080054b8      0x130 ./Drivers/STM32U5xx_HAL_Driver/Src/stm32u5xx_hal_rcc_ex.o
 .text.RCCEx_PLL3_Config
                0x00000000080055e8      0x130 ./Drivers/STM32U5xx_HAL_Driver/Src/stm32u5xx_hal_rcc_ex.o
 .text.HAL_TIM_Base_Init
                0x0000000008005718       0xae ./Drivers/STM32U5xx_HAL_Driver/Src/stm32u5xx_hal_tim.o
                0x0000000008005718                HAL_TIM_Base_Init
 .text.HAL_TIM_Base_MspInit
                0x00000000080057c6       0x14 ./Drivers/STM32U5xx_HAL_Driver/Src/stm32u5xx_hal_tim.o
                0x00000000080057c6                HAL_TIM_Base_MspInit
 *fill*         0x00000000080057da        0x2 
 .text.HAL_TIM_Base_Start_IT
                0x00000000080057dc      0x140 ./Drivers/STM32U5xx_HAL_Driver/Src/stm32u5xx_hal_tim.o
                0x00000000080057dc                HAL_TIM_Base_Start_IT
 .text.HAL_TIM_IRQHandler
                0x000000000800591c      0x2fe ./Drivers/STM32U5xx_HAL_Driver/Src/stm32u5xx_hal_tim.o
                0x000000000800591c                HAL_TIM_IRQHandler
 .text.HAL_TIM_OC_DelayElapsedCallback
                0x0000000008005c1a       0x14 ./Drivers/STM32U5xx_HAL_Driver/Src/stm32u5xx_hal_tim.o
                0x0000000008005c1a                HAL_TIM_OC_DelayElapsedCallback
 .text.HAL_TIM_IC_CaptureCallback
                0x0000000008005c2e       0x14 ./Drivers/STM32U5xx_HAL_Driver/Src/stm32u5xx_hal_tim.o
                0x0000000008005c2e                HAL_TIM_IC_CaptureCallback
 .text.HAL_TIM_PWM_PulseFinishedCallback
                0x0000000008005c42       0x14 ./Drivers/STM32U5xx_HAL_Driver/Src/stm32u5xx_hal_tim.o
                0x0000000008005c42                HAL_TIM_PWM_PulseFinishedCallback
 .text.HAL_TIM_TriggerCallback
                0x0000000008005c56       0x14 ./Drivers/STM32U5xx_HAL_Driver/Src/stm32u5xx_hal_tim.o
                0x0000000008005c56                HAL_TIM_TriggerCallback
 *fill*         0x0000000008005c6a        0x2 
 .text.TIM_Base_SetConfig
                0x0000000008005c6c      0x1f4 ./Drivers/STM32U5xx_HAL_Driver/Src/stm32u5xx_hal_tim.o
                0x0000000008005c6c                TIM_Base_SetConfig
 .text.HAL_TIMEx_CommutCallback
                0x0000000008005e60       0x14 ./Drivers/STM32U5xx_HAL_Driver/Src/stm32u5xx_hal_tim_ex.o
                0x0000000008005e60                HAL_TIMEx_CommutCallback
 .text.HAL_TIMEx_BreakCallback
                0x0000000008005e74       0x14 ./Drivers/STM32U5xx_HAL_Driver/Src/stm32u5xx_hal_tim_ex.o
                0x0000000008005e74                HAL_TIMEx_BreakCallback
 .text.HAL_TIMEx_Break2Callback
                0x0000000008005e88       0x14 ./Drivers/STM32U5xx_HAL_Driver/Src/stm32u5xx_hal_tim_ex.o
                0x0000000008005e88                HAL_TIMEx_Break2Callback
 .text.HAL_TIMEx_EncoderIndexCallback
                0x0000000008005e9c       0x14 ./Drivers/STM32U5xx_HAL_Driver/Src/stm32u5xx_hal_tim_ex.o
                0x0000000008005e9c                HAL_TIMEx_EncoderIndexCallback
 .text.HAL_TIMEx_DirectionChangeCallback
                0x0000000008005eb0       0x14 ./Drivers/STM32U5xx_HAL_Driver/Src/stm32u5xx_hal_tim_ex.o
                0x0000000008005eb0                HAL_TIMEx_DirectionChangeCallback
 .text.HAL_TIMEx_IndexErrorCallback
                0x0000000008005ec4       0x14 ./Drivers/STM32U5xx_HAL_Driver/Src/stm32u5xx_hal_tim_ex.o
                0x0000000008005ec4                HAL_TIMEx_IndexErrorCallback
 .text.HAL_TIMEx_TransitionErrorCallback
                0x0000000008005ed8       0x14 ./Drivers/STM32U5xx_HAL_Driver/Src/stm32u5xx_hal_tim_ex.o
                0x0000000008005ed8                HAL_TIMEx_TransitionErrorCallback
 .text.HAL_UART_Init
                0x0000000008005eec       0xa0 ./Drivers/STM32U5xx_HAL_Driver/Src/stm32u5xx_hal_uart.o
                0x0000000008005eec                HAL_UART_Init
 .text.HAL_UART_Transmit_IT
                0x0000000008005f8c      0x170 ./Drivers/STM32U5xx_HAL_Driver/Src/stm32u5xx_hal_uart.o
                0x0000000008005f8c                HAL_UART_Transmit_IT
 .text.HAL_UART_Receive_IT
                0x00000000080060fc       0xd8 ./Drivers/STM32U5xx_HAL_Driver/Src/stm32u5xx_hal_uart.o
                0x00000000080060fc                HAL_UART_Receive_IT
 .text.HAL_UART_IRQHandler
                0x00000000080061d4      0x564 ./Drivers/STM32U5xx_HAL_Driver/Src/stm32u5xx_hal_uart.o
                0x00000000080061d4                HAL_UART_IRQHandler
 .text.HAL_UART_RxCpltCallback
                0x0000000008006738       0x14 ./Drivers/STM32U5xx_HAL_Driver/Src/stm32u5xx_hal_uart.o
                0x0000000008006738                HAL_UART_RxCpltCallback
 .text.HAL_UART_ErrorCallback
                0x000000000800674c       0x14 ./Drivers/STM32U5xx_HAL_Driver/Src/stm32u5xx_hal_uart.o
                0x000000000800674c                HAL_UART_ErrorCallback
 .text.HAL_UARTEx_RxEventCallback
                0x0000000008006760       0x18 ./Drivers/STM32U5xx_HAL_Driver/Src/stm32u5xx_hal_uart.o
                0x0000000008006760                HAL_UARTEx_RxEventCallback
 .text.UART_SetConfig
                0x0000000008006778      0x344 ./Drivers/STM32U5xx_HAL_Driver/Src/stm32u5xx_hal_uart.o
                0x0000000008006778                UART_SetConfig
 .text.UART_AdvFeatureConfig
                0x0000000008006abc      0x144 ./Drivers/STM32U5xx_HAL_Driver/Src/stm32u5xx_hal_uart.o
                0x0000000008006abc                UART_AdvFeatureConfig
 .text.UART_CheckIdleState
                0x0000000008006c00       0x96 ./Drivers/STM32U5xx_HAL_Driver/Src/stm32u5xx_hal_uart.o
                0x0000000008006c00                UART_CheckIdleState
 .text.UART_WaitOnFlagUntilTimeout
                0x0000000008006c96      0x190 ./Drivers/STM32U5xx_HAL_Driver/Src/stm32u5xx_hal_uart.o
                0x0000000008006c96                UART_WaitOnFlagUntilTimeout
 *fill*         0x0000000008006e26        0x2 
 .text.UART_Start_Receive_IT
                0x0000000008006e28      0x254 ./Drivers/STM32U5xx_HAL_Driver/Src/stm32u5xx_hal_uart.o
                0x0000000008006e28                UART_Start_Receive_IT
 .text.UART_EndRxTransfer
                0x000000000800707c       0xcc ./Drivers/STM32U5xx_HAL_Driver/Src/stm32u5xx_hal_uart.o
 .text.UART_DMAAbortOnError
                0x0000000008007148       0x2c ./Drivers/STM32U5xx_HAL_Driver/Src/stm32u5xx_hal_uart.o
 .text.UART_TxISR_8BIT
                0x0000000008007174       0xb8 ./Drivers/STM32U5xx_HAL_Driver/Src/stm32u5xx_hal_uart.o
 .text.UART_TxISR_16BIT
                0x000000000800722c       0xc2 ./Drivers/STM32U5xx_HAL_Driver/Src/stm32u5xx_hal_uart.o
 .text.UART_TxISR_8BIT_FIFOEN
                0x00000000080072ee       0xe0 ./Drivers/STM32U5xx_HAL_Driver/Src/stm32u5xx_hal_uart.o
 .text.UART_TxISR_16BIT_FIFOEN
                0x00000000080073ce       0xea ./Drivers/STM32U5xx_HAL_Driver/Src/stm32u5xx_hal_uart.o
 .text.UART_EndTransmit_IT
                0x00000000080074b8       0x56 ./Drivers/STM32U5xx_HAL_Driver/Src/stm32u5xx_hal_uart.o
 .text.UART_RxISR_8BIT
                0x000000000800750e      0x160 ./Drivers/STM32U5xx_HAL_Driver/Src/stm32u5xx_hal_uart.o
 .text.UART_RxISR_16BIT
                0x000000000800766e      0x160 ./Drivers/STM32U5xx_HAL_Driver/Src/stm32u5xx_hal_uart.o
 *fill*         0x00000000080077ce        0x2 
 .text.UART_RxISR_8BIT_FIFOEN
                0x00000000080077d0      0x2f8 ./Drivers/STM32U5xx_HAL_Driver/Src/stm32u5xx_hal_uart.o
 .text.UART_RxISR_16BIT_FIFOEN
                0x0000000008007ac8      0x300 ./Drivers/STM32U5xx_HAL_Driver/Src/stm32u5xx_hal_uart.o
 .text.HAL_UARTEx_RxFifoFullCallback
                0x0000000008007dc8       0x14 ./Drivers/STM32U5xx_HAL_Driver/Src/stm32u5xx_hal_uart_ex.o
                0x0000000008007dc8                HAL_UARTEx_RxFifoFullCallback
 .text.HAL_UARTEx_TxFifoEmptyCallback
                0x0000000008007ddc       0x14 ./Drivers/STM32U5xx_HAL_Driver/Src/stm32u5xx_hal_uart_ex.o
                0x0000000008007ddc                HAL_UARTEx_TxFifoEmptyCallback
 .text.HAL_UARTEx_DisableFifoMode
                0x0000000008007df0       0x72 ./Drivers/STM32U5xx_HAL_Driver/Src/stm32u5xx_hal_uart_ex.o
                0x0000000008007df0                HAL_UARTEx_DisableFifoMode
 .text.HAL_UARTEx_SetTxFifoThreshold
                0x0000000008007e62       0x7c ./Drivers/STM32U5xx_HAL_Driver/Src/stm32u5xx_hal_uart_ex.o
                0x0000000008007e62                HAL_UARTEx_SetTxFifoThreshold
 .text.HAL_UARTEx_SetRxFifoThreshold
                0x0000000008007ede       0x7c ./Drivers/STM32U5xx_HAL_Driver/Src/stm32u5xx_hal_uart_ex.o
                0x0000000008007ede                HAL_UARTEx_SetRxFifoThreshold
 *fill*         0x0000000008007f5a        0x2 
 .text.UARTEx_SetNbDataToProcess
                0x0000000008007f5c       0x9c ./Drivers/STM32U5xx_HAL_Driver/Src/stm32u5xx_hal_uart_ex.o
 .text.__libc_init_array
                0x0000000008007ff8       0x48 c:/st/stm32cubeide_1.11.0/stm32cubeide/plugins/com.st.stm32cube.ide.mcu.externaltools.gnu-tools-for-stm32.10.3-2021.10.win32_1.0.100.202210260954/tools/bin/../lib/gcc/arm-none-eabi/10.3.1/../../../../arm-none-eabi/lib/thumb/v8-m.main+fp/hard\libc_nano.a(lib_a-init.o)
                0x0000000008007ff8                __libc_init_array
 .text.memset   0x0000000008008040       0x10 c:/st/stm32cubeide_1.11.0/stm32cubeide/plugins/com.st.stm32cube.ide.mcu.externaltools.gnu-tools-for-stm32.10.3-2021.10.win32_1.0.100.202210260954/tools/bin/../lib/gcc/arm-none-eabi/10.3.1/../../../../arm-none-eabi/lib/thumb/v8-m.main+fp/hard\libc_nano.a(lib_a-memset.o)
                0x0000000008008040                memset
 *(.glue_7)
 .glue_7        0x0000000008008050        0x0 linker stubs
 *(.glue_7t)
 .glue_7t       0x0000000008008050        0x0 linker stubs
 *(.eh_frame)
 .eh_frame      0x0000000008008050        0x0 c:/st/stm32cubeide_1.11.0/stm32cubeide/plugins/com.st.stm32cube.ide.mcu.externaltools.gnu-tools-for-stm32.10.3-2021.10.win32_1.0.100.202210260954/tools/bin/../lib/gcc/arm-none-eabi/10.3.1/thumb/v8-m.main+fp/hard/crtbegin.o
 *(.init)
 .init          0x0000000008008050        0x4 c:/st/stm32cubeide_1.11.0/stm32cubeide/plugins/com.st.stm32cube.ide.mcu.externaltools.gnu-tools-for-stm32.10.3-2021.10.win32_1.0.100.202210260954/tools/bin/../lib/gcc/arm-none-eabi/10.3.1/thumb/v8-m.main+fp/hard/crti.o
                0x0000000008008050                _init
 .init          0x0000000008008054        0x8 c:/st/stm32cubeide_1.11.0/stm32cubeide/plugins/com.st.stm32cube.ide.mcu.externaltools.gnu-tools-for-stm32.10.3-2021.10.win32_1.0.100.202210260954/tools/bin/../lib/gcc/arm-none-eabi/10.3.1/thumb/v8-m.main+fp/hard/crtn.o
 *(.fini)
 .fini          0x000000000800805c        0x4 c:/st/stm32cubeide_1.11.0/stm32cubeide/plugins/com.st.stm32cube.ide.mcu.externaltools.gnu-tools-for-stm32.10.3-2021.10.win32_1.0.100.202210260954/tools/bin/../lib/gcc/arm-none-eabi/10.3.1/thumb/v8-m.main+fp/hard/crti.o
                0x000000000800805c                _fini
 .fini          0x0000000008008060        0x8 c:/st/stm32cubeide_1.11.0/stm32cubeide/plugins/com.st.stm32cube.ide.mcu.externaltools.gnu-tools-for-stm32.10.3-2021.10.win32_1.0.100.202210260954/tools/bin/../lib/gcc/arm-none-eabi/10.3.1/thumb/v8-m.main+fp/hard/crtn.o
                0x0000000008008068                _etext = .

.vfp11_veneer   0x0000000008008068        0x0
 .vfp11_veneer  0x0000000008008068        0x0 linker stubs

.v4_bx          0x0000000008008068        0x0
 .v4_bx         0x0000000008008068        0x0 linker stubs

.iplt           0x0000000008008068        0x0
 .iplt          0x0000000008008068        0x0 c:/st/stm32cubeide_1.11.0/stm32cubeide/plugins/com.st.stm32cube.ide.mcu.externaltools.gnu-tools-for-stm32.10.3-2021.10.win32_1.0.100.202210260954/tools/bin/../lib/gcc/arm-none-eabi/10.3.1/thumb/v8-m.main+fp/hard/crtbegin.o

.rodata         0x0000000008008068      0x100
 *(.rodata)
 *(.rodata*)
 .rodata.AHBPrescTable
                0x0000000008008068       0x10 ./Core/Src/system_stm32u5xx.o
                0x0000000008008068                AHBPrescTable
 .rodata.APBPrescTable
                0x0000000008008078        0x8 ./Core/Src/system_stm32u5xx.o
                0x0000000008008078                APBPrescTable
 .rodata.MSIRangeTable
                0x0000000008008080       0x40 ./Core/Src/system_stm32u5xx.o
                0x0000000008008080                MSIRangeTable
 .rodata.LPGPIO_Map
                0x00000000080080c0       0x80 ./Drivers/STM32U5xx_HAL_Driver/Src/stm32u5xx_hal_gpio.o
 .rodata.UARTPrescTable
                0x0000000008008140       0x18 ./Drivers/STM32U5xx_HAL_Driver/Src/stm32u5xx_hal_uart.o
                0x0000000008008140                UARTPrescTable
 .rodata.numerator.1
                0x0000000008008158        0x8 ./Drivers/STM32U5xx_HAL_Driver/Src/stm32u5xx_hal_uart_ex.o
 .rodata.denominator.0
                0x0000000008008160        0x8 ./Drivers/STM32U5xx_HAL_Driver/Src/stm32u5xx_hal_uart_ex.o

.ARM.extab
 *(.ARM.extab* .gnu.linkonce.armextab.*)

.ARM            0x0000000008008168        0x8
                0x0000000008008168                __exidx_start = .
 *(.ARM.exidx*)
 .ARM.exidx     0x0000000008008168        0x8 c:/st/stm32cubeide_1.11.0/stm32cubeide/plugins/com.st.stm32cube.ide.mcu.externaltools.gnu-tools-for-stm32.10.3-2021.10.win32_1.0.100.202210260954/tools/bin/../lib/gcc/arm-none-eabi/10.3.1/thumb/v8-m.main+fp/hard\libgcc.a(_udivmoddi4.o)
                0x0000000008008170                __exidx_end = .

.rel.dyn        0x0000000008008170        0x0
 .rel.iplt      0x0000000008008170        0x0 c:/st/stm32cubeide_1.11.0/stm32cubeide/plugins/com.st.stm32cube.ide.mcu.externaltools.gnu-tools-for-stm32.10.3-2021.10.win32_1.0.100.202210260954/tools/bin/../lib/gcc/arm-none-eabi/10.3.1/thumb/v8-m.main+fp/hard/crtbegin.o

.preinit_array  0x0000000008008170        0x0
                0x0000000008008170                PROVIDE (__preinit_array_start = .)
 *(.preinit_array*)
                0x0000000008008170                PROVIDE (__preinit_array_end = .)

.init_array     0x0000000008008170        0x4
                0x0000000008008170                PROVIDE (__init_array_start = .)
 *(SORT_BY_NAME(.init_array.*))
 *(.init_array*)
 .init_array    0x0000000008008170        0x4 c:/st/stm32cubeide_1.11.0/stm32cubeide/plugins/com.st.stm32cube.ide.mcu.externaltools.gnu-tools-for-stm32.10.3-2021.10.win32_1.0.100.202210260954/tools/bin/../lib/gcc/arm-none-eabi/10.3.1/thumb/v8-m.main+fp/hard/crtbegin.o
                0x0000000008008174                PROVIDE (__init_array_end = .)

.fini_array     0x0000000008008174        0x4
                [!provide]                        PROVIDE (__fini_array_start = .)
 *(SORT_BY_NAME(.fini_array.*))
 *(.fini_array*)
 .fini_array    0x0000000008008174        0x4 c:/st/stm32cubeide_1.11.0/stm32cubeide/plugins/com.st.stm32cube.ide.mcu.externaltools.gnu-tools-for-stm32.10.3-2021.10.win32_1.0.100.202210260954/tools/bin/../lib/gcc/arm-none-eabi/10.3.1/thumb/v8-m.main+fp/hard/crtbegin.o
                [!provide]                        PROVIDE (__fini_array_end = .)
                0x0000000008008178                _sidata = LOADADDR (.data)

.data           0x0000000020000000       0x19 load address 0x0000000008008178
                0x0000000020000000                _sdata = .
 *(.data)
 *(.data*)
 .data.txdata_1
                0x0000000020000000        0x5 ./Core/Src/main.o
                0x0000000020000000                txdata_1
 *fill*         0x0000000020000005        0x3 
 .data.txdata_2
                0x0000000020000008        0x5 ./Core/Src/main.o
                0x0000000020000008                txdata_2
 *fill*         0x000000002000000d        0x3 
 .data.SystemCoreClock
                0x0000000020000010        0x4 ./Core/Src/system_stm32u5xx.o
                0x0000000020000010                SystemCoreClock
 .data.uwTickPrio
                0x0000000020000014        0x4 ./Drivers/STM32U5xx_HAL_Driver/Src/stm32u5xx_hal.o
                0x0000000020000014                uwTickPrio
 .data.uwTickFreq
                0x0000000020000018        0x1 ./Drivers/STM32U5xx_HAL_Driver/Src/stm32u5xx_hal.o
                0x0000000020000018                uwTickFreq
 *(.RamFunc)
 *(.RamFunc*)
                0x0000000020000019                _edata = .

.igot.plt       0x000000002000001c        0x0 load address 0x0000000008008191
 .igot.plt      0x000000002000001c        0x0 c:/st/stm32cubeide_1.11.0/stm32cubeide/plugins/com.st.stm32cube.ide.mcu.externaltools.gnu-tools-for-stm32.10.3-2021.10.win32_1.0.100.202210260954/tools/bin/../lib/gcc/arm-none-eabi/10.3.1/thumb/v8-m.main+fp/hard/crtbegin.o

.bss            0x000000002000001c      0x19c load address 0x0000000008008191
                0x000000002000001c                _sbss = .
                0x000000002000001c                __bss_start__ = _sbss
 *(.bss)
 .bss           0x000000002000001c       0x1c c:/st/stm32cubeide_1.11.0/stm32cubeide/plugins/com.st.stm32cube.ide.mcu.externaltools.gnu-tools-for-stm32.10.3-2021.10.win32_1.0.100.202210260954/tools/bin/../lib/gcc/arm-none-eabi/10.3.1/thumb/v8-m.main+fp/hard/crtbegin.o
 *(.bss*)
 .bss.huart1    0x0000000020000038       0x90 ./Core/Src/main.o
                0x0000000020000038                huart1
 .bss.huart2    0x00000000200000c8       0x90 ./Core/Src/main.o
                0x00000000200000c8                huart2
 .bss.rxdata_1  0x0000000020000158        0x5 ./Core/Src/main.o
                0x0000000020000158                rxdata_1
 *fill*         0x000000002000015d        0x3 
 .bss.rxdata_2  0x0000000020000160        0x5 ./Core/Src/main.o
                0x0000000020000160                rxdata_2
 .bss.tc_comp2  0x0000000020000165        0x1 ./Core/Src/main.o
                0x0000000020000165                tc_comp2
 *fill*         0x0000000020000166        0x2 
 .bss.htim17    0x0000000020000168       0x4c ./Core/Src/stm32u5xx_hal_timebase_tim.o
                0x0000000020000168                htim17
 .bss.uwTick    0x00000000200001b4        0x4 ./Drivers/STM32U5xx_HAL_Driver/Src/stm32u5xx_hal.o
                0x00000000200001b4                uwTick
 *(COMMON)
                0x00000000200001b8                _ebss = .
                0x00000000200001b8                __bss_end__ = _ebss

._user_heap_stack
                0x00000000200001b8      0x600 load address 0x0000000008008191
                0x00000000200001b8                . = ALIGN (0x8)
                [!provide]                        PROVIDE (end = .)
                0x00000000200001b8                PROVIDE (_end = .)
                0x00000000200003b8                . = (. + _Min_Heap_Size)
 *fill*         0x00000000200001b8      0x200 
                0x00000000200007b8                . = (. + _Min_Stack_Size)
 *fill*         0x00000000200003b8      0x400 
                0x00000000200007b8                . = ALIGN (0x8)

/DISCARD/
 libc.a(*)
 libm.a(*)
 libgcc.a(*)

.ARM.attributes
                0x0000000000000000       0x36
 *(.ARM.attributes)
 .ARM.attributes
                0x0000000000000000       0x22 c:/st/stm32cubeide_1.11.0/stm32cubeide/plugins/com.st.stm32cube.ide.mcu.externaltools.gnu-tools-for-stm32.10.3-2021.10.win32_1.0.100.202210260954/tools/bin/../lib/gcc/arm-none-eabi/10.3.1/thumb/v8-m.main+fp/hard/crti.o
 .ARM.attributes
                0x0000000000000022       0x38 c:/st/stm32cubeide_1.11.0/stm32cubeide/plugins/com.st.stm32cube.ide.mcu.externaltools.gnu-tools-for-stm32.10.3-2021.10.win32_1.0.100.202210260954/tools/bin/../lib/gcc/arm-none-eabi/10.3.1/thumb/v8-m.main+fp/hard/crtbegin.o
 .ARM.attributes
                0x000000000000005a       0x3a ./Core/Src/main.o
 .ARM.attributes
                0x0000000000000094       0x3a ./Core/Src/stm32u5xx_hal_msp.o
 .ARM.attributes
                0x00000000000000ce       0x3a ./Core/Src/stm32u5xx_hal_timebase_tim.o
 .ARM.attributes
                0x0000000000000108       0x3a ./Core/Src/stm32u5xx_it.o
 .ARM.attributes
                0x0000000000000142       0x3a ./Core/Src/system_stm32u5xx.o
 .ARM.attributes
                0x000000000000017c       0x24 ./Core/Startup/startup_stm32u575zitxq.o
 .ARM.attributes
                0x00000000000001a0       0x3a ./Drivers/STM32U5xx_HAL_Driver/Src/stm32u5xx_hal.o
 .ARM.attributes
                0x00000000000001da       0x3a ./Drivers/STM32U5xx_HAL_Driver/Src/stm32u5xx_hal_cortex.o
 .ARM.attributes
                0x0000000000000214       0x3a ./Drivers/STM32U5xx_HAL_Driver/Src/stm32u5xx_hal_dma.o
 .ARM.attributes
                0x000000000000024e       0x3a ./Drivers/STM32U5xx_HAL_Driver/Src/stm32u5xx_hal_gpio.o
 .ARM.attributes
                0x0000000000000288       0x3a ./Drivers/STM32U5xx_HAL_Driver/Src/stm32u5xx_hal_icache.o
 .ARM.attributes
                0x00000000000002c2       0x3a ./Drivers/STM32U5xx_HAL_Driver/Src/stm32u5xx_hal_pwr_ex.o
 .ARM.attributes
                0x00000000000002fc       0x3a ./Drivers/STM32U5xx_HAL_Driver/Src/stm32u5xx_hal_rcc.o
 .ARM.attributes
                0x0000000000000336       0x3a ./Drivers/STM32U5xx_HAL_Driver/Src/stm32u5xx_hal_rcc_ex.o
 .ARM.attributes
                0x0000000000000370       0x3a ./Drivers/STM32U5xx_HAL_Driver/Src/stm32u5xx_hal_tim.o
 .ARM.attributes
                0x00000000000003aa       0x3a ./Drivers/STM32U5xx_HAL_Driver/Src/stm32u5xx_hal_tim_ex.o
 .ARM.attributes
                0x00000000000003e4       0x3a ./Drivers/STM32U5xx_HAL_Driver/Src/stm32u5xx_hal_uart.o
 .ARM.attributes
                0x000000000000041e       0x3a ./Drivers/STM32U5xx_HAL_Driver/Src/stm32u5xx_hal_uart_ex.o
 .ARM.attributes
                0x0000000000000458       0x38 c:/st/stm32cubeide_1.11.0/stm32cubeide/plugins/com.st.stm32cube.ide.mcu.externaltools.gnu-tools-for-stm32.10.3-2021.10.win32_1.0.100.202210260954/tools/bin/../lib/gcc/arm-none-eabi/10.3.1/../../../../arm-none-eabi/lib/thumb/v8-m.main+fp/hard\libc_nano.a(lib_a-init.o)
 .ARM.attributes
                0x0000000000000490       0x38 c:/st/stm32cubeide_1.11.0/stm32cubeide/plugins/com.st.stm32cube.ide.mcu.externaltools.gnu-tools-for-stm32.10.3-2021.10.win32_1.0.100.202210260954/tools/bin/../lib/gcc/arm-none-eabi/10.3.1/../../../../arm-none-eabi/lib/thumb/v8-m.main+fp/hard\libc_nano.a(lib_a-memset.o)
 .ARM.attributes
                0x00000000000004c8       0x22 c:/st/stm32cubeide_1.11.0/stm32cubeide/plugins/com.st.stm32cube.ide.mcu.externaltools.gnu-tools-for-stm32.10.3-2021.10.win32_1.0.100.202210260954/tools/bin/../lib/gcc/arm-none-eabi/10.3.1/thumb/v8-m.main+fp/hard\libgcc.a(_aeabi_uldivmod.o)
 .ARM.attributes
                0x00000000000004ea       0x38 c:/st/stm32cubeide_1.11.0/stm32cubeide/plugins/com.st.stm32cube.ide.mcu.externaltools.gnu-tools-for-stm32.10.3-2021.10.win32_1.0.100.202210260954/tools/bin/../lib/gcc/arm-none-eabi/10.3.1/thumb/v8-m.main+fp/hard\libgcc.a(_udivmoddi4.o)
 .ARM.attributes
                0x0000000000000522       0x22 c:/st/stm32cubeide_1.11.0/stm32cubeide/plugins/com.st.stm32cube.ide.mcu.externaltools.gnu-tools-for-stm32.10.3-2021.10.win32_1.0.100.202210260954/tools/bin/../lib/gcc/arm-none-eabi/10.3.1/thumb/v8-m.main+fp/hard\libgcc.a(_dvmd_tls.o)
 .ARM.attributes
                0x0000000000000544       0x22 c:/st/stm32cubeide_1.11.0/stm32cubeide/plugins/com.st.stm32cube.ide.mcu.externaltools.gnu-tools-for-stm32.10.3-2021.10.win32_1.0.100.202210260954/tools/bin/../lib/gcc/arm-none-eabi/10.3.1/thumb/v8-m.main+fp/hard/crtn.o
OUTPUT(uart_full_duplex.elf elf32-littlearm)
LOAD linker stubs
LOAD c:/st/stm32cubeide_1.11.0/stm32cubeide/plugins/com.st.stm32cube.ide.mcu.externaltools.gnu-tools-for-stm32.10.3-2021.10.win32_1.0.100.202210260954/tools/bin/../lib/gcc/arm-none-eabi/10.3.1/../../../../arm-none-eabi/lib/thumb/v8-m.main+fp/hard\libc.a
LOAD c:/st/stm32cubeide_1.11.0/stm32cubeide/plugins/com.st.stm32cube.ide.mcu.externaltools.gnu-tools-for-stm32.10.3-2021.10.win32_1.0.100.202210260954/tools/bin/../lib/gcc/arm-none-eabi/10.3.1/../../../../arm-none-eabi/lib/thumb/v8-m.main+fp/hard\libm.a
LOAD c:/st/stm32cubeide_1.11.0/stm32cubeide/plugins/com.st.stm32cube.ide.mcu.externaltools.gnu-tools-for-stm32.10.3-2021.10.win32_1.0.100.202210260954/tools/bin/../lib/gcc/arm-none-eabi/10.3.1/thumb/v8-m.main+fp/hard\libgcc.a

.debug_info     0x0000000000000000    0x1784b
 .debug_info    0x0000000000000000     0x1859 ./Core/Src/main.o
 .debug_info    0x0000000000001859     0x15a8 ./Core/Src/stm32u5xx_hal_msp.o
 .debug_info    0x0000000000002e01     0x11d5 ./Core/Src/stm32u5xx_hal_timebase_tim.o
 .debug_info    0x0000000000003fd6      0xdd7 ./Core/Src/stm32u5xx_it.o
 .debug_info    0x0000000000004dad      0x8f2 ./Core/Src/system_stm32u5xx.o
 .debug_info    0x000000000000569f       0x22 ./Core/Startup/startup_stm32u575zitxq.o
 .debug_info    0x00000000000056c1     0x11b5 ./Drivers/STM32U5xx_HAL_Driver/Src/stm32u5xx_hal.o
 .debug_info    0x0000000000006876     0x15b9 ./Drivers/STM32U5xx_HAL_Driver/Src/stm32u5xx_hal_cortex.o
 .debug_info    0x0000000000007e2f      0xb5c ./Drivers/STM32U5xx_HAL_Driver/Src/stm32u5xx_hal_dma.o
 .debug_info    0x000000000000898b      0x880 ./Drivers/STM32U5xx_HAL_Driver/Src/stm32u5xx_hal_gpio.o
 .debug_info    0x000000000000920b      0x592 ./Drivers/STM32U5xx_HAL_Driver/Src/stm32u5xx_hal_icache.o
 .debug_info    0x000000000000979d      0xe83 ./Drivers/STM32U5xx_HAL_Driver/Src/stm32u5xx_hal_pwr_ex.o
 .debug_info    0x000000000000a620     0x1392 ./Drivers/STM32U5xx_HAL_Driver/Src/stm32u5xx_hal_rcc.o
 .debug_info    0x000000000000b9b2     0x163d ./Drivers/STM32U5xx_HAL_Driver/Src/stm32u5xx_hal_rcc_ex.o
 .debug_info    0x000000000000cfef     0x309f ./Drivers/STM32U5xx_HAL_Driver/Src/stm32u5xx_hal_tim.o
 .debug_info    0x000000000001008e     0x2461 ./Drivers/STM32U5xx_HAL_Driver/Src/stm32u5xx_hal_tim_ex.o
 .debug_info    0x00000000000124ef     0x4112 ./Drivers/STM32U5xx_HAL_Driver/Src/stm32u5xx_hal_uart.o
 .debug_info    0x0000000000016601     0x124a ./Drivers/STM32U5xx_HAL_Driver/Src/stm32u5xx_hal_uart_ex.o

.debug_abbrev   0x0000000000000000     0x287f
 .debug_abbrev  0x0000000000000000      0x314 ./Core/Src/main.o
 .debug_abbrev  0x0000000000000314      0x203 ./Core/Src/stm32u5xx_hal_msp.o
 .debug_abbrev  0x0000000000000517      0x22c ./Core/Src/stm32u5xx_hal_timebase_tim.o
 .debug_abbrev  0x0000000000000743      0x1a9 ./Core/Src/stm32u5xx_it.o
 .debug_abbrev  0x00000000000008ec      0x127 ./Core/Src/system_stm32u5xx.o
 .debug_abbrev  0x0000000000000a13       0x12 ./Core/Startup/startup_stm32u575zitxq.o
 .debug_abbrev  0x0000000000000a25      0x285 ./Drivers/STM32U5xx_HAL_Driver/Src/stm32u5xx_hal.o
 .debug_abbrev  0x0000000000000caa      0x303 ./Drivers/STM32U5xx_HAL_Driver/Src/stm32u5xx_hal_cortex.o
 .debug_abbrev  0x0000000000000fad      0x1f0 ./Drivers/STM32U5xx_HAL_Driver/Src/stm32u5xx_hal_dma.o
 .debug_abbrev  0x000000000000119d      0x246 ./Drivers/STM32U5xx_HAL_Driver/Src/stm32u5xx_hal_gpio.o
 .debug_abbrev  0x00000000000013e3      0x22f ./Drivers/STM32U5xx_HAL_Driver/Src/stm32u5xx_hal_icache.o
 .debug_abbrev  0x0000000000001612      0x20d ./Drivers/STM32U5xx_HAL_Driver/Src/stm32u5xx_hal_pwr_ex.o
 .debug_abbrev  0x000000000000181f      0x2b9 ./Drivers/STM32U5xx_HAL_Driver/Src/stm32u5xx_hal_rcc.o
 .debug_abbrev  0x0000000000001ad8      0x299 ./Drivers/STM32U5xx_HAL_Driver/Src/stm32u5xx_hal_rcc_ex.o
 .debug_abbrev  0x0000000000001d71      0x2a6 ./Drivers/STM32U5xx_HAL_Driver/Src/stm32u5xx_hal_tim.o
 .debug_abbrev  0x0000000000002017      0x2bb ./Drivers/STM32U5xx_HAL_Driver/Src/stm32u5xx_hal_tim_ex.o
 .debug_abbrev  0x00000000000022d2      0x2f0 ./Drivers/STM32U5xx_HAL_Driver/Src/stm32u5xx_hal_uart.o
 .debug_abbrev  0x00000000000025c2      0x2bd ./Drivers/STM32U5xx_HAL_Driver/Src/stm32u5xx_hal_uart_ex.o

.debug_aranges  0x0000000000000000     0x12a8
 .debug_aranges
                0x0000000000000000       0x68 ./Core/Src/main.o
 .debug_aranges
                0x0000000000000068       0x30 ./Core/Src/stm32u5xx_hal_msp.o
 .debug_aranges
                0x0000000000000098       0x30 ./Core/Src/stm32u5xx_hal_timebase_tim.o
 .debug_aranges
                0x00000000000000c8       0x78 ./Core/Src/stm32u5xx_it.o
 .debug_aranges
                0x0000000000000140       0x28 ./Core/Src/system_stm32u5xx.o
 .debug_aranges
                0x0000000000000168       0x28 ./Core/Startup/startup_stm32u575zitxq.o
 .debug_aranges
                0x0000000000000190      0x120 ./Drivers/STM32U5xx_HAL_Driver/Src/stm32u5xx_hal.o
 .debug_aranges
                0x00000000000002b0      0x130 ./Drivers/STM32U5xx_HAL_Driver/Src/stm32u5xx_hal_cortex.o
 .debug_aranges
                0x00000000000003e0       0xa0 ./Drivers/STM32U5xx_HAL_Driver/Src/stm32u5xx_hal_dma.o
 .debug_aranges
                0x0000000000000480       0x70 ./Drivers/STM32U5xx_HAL_Driver/Src/stm32u5xx_hal_gpio.o
 .debug_aranges
                0x00000000000004f0       0xa8 ./Drivers/STM32U5xx_HAL_Driver/Src/stm32u5xx_hal_icache.o
 .debug_aranges
                0x0000000000000598      0x200 ./Drivers/STM32U5xx_HAL_Driver/Src/stm32u5xx_hal_pwr_ex.o
 .debug_aranges
                0x0000000000000798       0xa8 ./Drivers/STM32U5xx_HAL_Driver/Src/stm32u5xx_hal_rcc.o
 .debug_aranges
                0x0000000000000840      0x138 ./Drivers/STM32U5xx_HAL_Driver/Src/stm32u5xx_hal_rcc_ex.o
 .debug_aranges
                0x0000000000000978      0x3e8 ./Drivers/STM32U5xx_HAL_Driver/Src/stm32u5xx_hal_tim.o
 .debug_aranges
                0x0000000000000d60      0x250 ./Drivers/STM32U5xx_HAL_Driver/Src/stm32u5xx_hal_tim_ex.o
 .debug_aranges
                0x0000000000000fb0      0x248 ./Drivers/STM32U5xx_HAL_Driver/Src/stm32u5xx_hal_uart.o
 .debug_aranges
                0x00000000000011f8       0xb0 ./Drivers/STM32U5xx_HAL_Driver/Src/stm32u5xx_hal_uart_ex.o

.debug_ranges   0x0000000000000000     0x11c0
 .debug_ranges  0x0000000000000000       0x58 ./Core/Src/main.o
 .debug_ranges  0x0000000000000058       0x20 ./Core/Src/stm32u5xx_hal_msp.o
 .debug_ranges  0x0000000000000078       0x20 ./Core/Src/stm32u5xx_hal_timebase_tim.o
 .debug_ranges  0x0000000000000098       0x68 ./Core/Src/stm32u5xx_it.o
 .debug_ranges  0x0000000000000100       0x18 ./Core/Src/system_stm32u5xx.o
 .debug_ranges  0x0000000000000118       0x20 ./Core/Startup/startup_stm32u575zitxq.o
 .debug_ranges  0x0000000000000138      0x110 ./Drivers/STM32U5xx_HAL_Driver/Src/stm32u5xx_hal.o
 .debug_ranges  0x0000000000000248      0x120 ./Drivers/STM32U5xx_HAL_Driver/Src/stm32u5xx_hal_cortex.o
 .debug_ranges  0x0000000000000368       0x90 ./Drivers/STM32U5xx_HAL_Driver/Src/stm32u5xx_hal_dma.o
 .debug_ranges  0x00000000000003f8       0x60 ./Drivers/STM32U5xx_HAL_Driver/Src/stm32u5xx_hal_gpio.o
 .debug_ranges  0x0000000000000458       0x98 ./Drivers/STM32U5xx_HAL_Driver/Src/stm32u5xx_hal_icache.o
 .debug_ranges  0x00000000000004f0      0x1f0 ./Drivers/STM32U5xx_HAL_Driver/Src/stm32u5xx_hal_pwr_ex.o
 .debug_ranges  0x00000000000006e0       0x98 ./Drivers/STM32U5xx_HAL_Driver/Src/stm32u5xx_hal_rcc.o
 .debug_ranges  0x0000000000000778      0x128 ./Drivers/STM32U5xx_HAL_Driver/Src/stm32u5xx_hal_rcc_ex.o
 .debug_ranges  0x00000000000008a0      0x3d8 ./Drivers/STM32U5xx_HAL_Driver/Src/stm32u5xx_hal_tim.o
 .debug_ranges  0x0000000000000c78      0x240 ./Drivers/STM32U5xx_HAL_Driver/Src/stm32u5xx_hal_tim_ex.o
 .debug_ranges  0x0000000000000eb8      0x268 ./Drivers/STM32U5xx_HAL_Driver/Src/stm32u5xx_hal_uart.o
 .debug_ranges  0x0000000000001120       0xa0 ./Drivers/STM32U5xx_HAL_Driver/Src/stm32u5xx_hal_uart_ex.o

.debug_macro    0x0000000000000000    0x324b8
 .debug_macro   0x0000000000000000      0x3ab ./Core/Src/main.o
 .debug_macro   0x00000000000003ab      0xa7e ./Core/Src/main.o
 .debug_macro   0x0000000000000e29      0x1e6 ./Core/Src/main.o
 .debug_macro   0x000000000000100f       0x2e ./Core/Src/main.o
 .debug_macro   0x000000000000103d       0x42 ./Core/Src/main.o
 .debug_macro   0x000000000000107f       0x22 ./Core/Src/main.o
 .debug_macro   0x00000000000010a1       0x8e ./Core/Src/main.o
 .debug_macro   0x000000000000112f       0x51 ./Core/Src/main.o
 .debug_macro   0x0000000000001180      0x103 ./Core/Src/main.o
 .debug_macro   0x0000000000001283       0x6a ./Core/Src/main.o
 .debug_macro   0x00000000000012ed      0x1df ./Core/Src/main.o
 .debug_macro   0x00000000000014cc       0x1c ./Core/Src/main.o
 .debug_macro   0x00000000000014e8       0x29 ./Core/Src/main.o
 .debug_macro   0x0000000000001511       0xfb ./Core/Src/main.o
 .debug_macro   0x000000000000160c     0x1336 ./Core/Src/main.o
 .debug_macro   0x0000000000002942       0x5e ./Core/Src/main.o
 .debug_macro   0x00000000000029a0    0x226bd ./Core/Src/main.o
 .debug_macro   0x000000000002505d       0x6d ./Core/Src/main.o
 .debug_macro   0x00000000000250ca     0x3794 ./Core/Src/main.o
 .debug_macro   0x000000000002885e      0x174 ./Core/Src/main.o
 .debug_macro   0x00000000000289d2       0x52 ./Core/Src/main.o
 .debug_macro   0x0000000000028a24       0x1e ./Core/Src/main.o
 .debug_macro   0x0000000000028a42       0x3c ./Core/Src/main.o
 .debug_macro   0x0000000000028a7e       0x34 ./Core/Src/main.o
 .debug_macro   0x0000000000028ab2       0x16 ./Core/Src/main.o
 .debug_macro   0x0000000000028ac8       0x43 ./Core/Src/main.o
 .debug_macro   0x0000000000028b0b       0x34 ./Core/Src/main.o
 .debug_macro   0x0000000000028b3f       0x10 ./Core/Src/main.o
 .debug_macro   0x0000000000028b4f       0x58 ./Core/Src/main.o
 .debug_macro   0x0000000000028ba7       0x71 ./Core/Src/main.o
 .debug_macro   0x0000000000028c18       0x1c ./Core/Src/main.o
 .debug_macro   0x0000000000028c34      0x12a ./Core/Src/main.o
 .debug_macro   0x0000000000028d5e      0x341 ./Core/Src/main.o
 .debug_macro   0x000000000002909f      0x19b ./Core/Src/main.o
 .debug_macro   0x000000000002923a       0x5d ./Core/Src/main.o
 .debug_macro   0x0000000000029297     0x1bb7 ./Core/Src/main.o
 .debug_macro   0x000000000002ae4e      0x7ff ./Core/Src/main.o
 .debug_macro   0x000000000002b64d      0x158 ./Core/Src/main.o
 .debug_macro   0x000000000002b7a5      0x2aa ./Core/Src/main.o
 .debug_macro   0x000000000002ba4f       0xc8 ./Core/Src/main.o
 .debug_macro   0x000000000002bb17      0x5a5 ./Core/Src/main.o
 .debug_macro   0x000000000002c0bc      0x432 ./Core/Src/main.o
 .debug_macro   0x000000000002c4ee       0xd6 ./Core/Src/main.o
 .debug_macro   0x000000000002c5c4      0x1cd ./Core/Src/main.o
 .debug_macro   0x000000000002c791      0x432 ./Core/Src/main.o
 .debug_macro   0x000000000002cbc3       0x95 ./Core/Src/main.o
 .debug_macro   0x000000000002cc58      0x11c ./Core/Src/main.o
 .debug_macro   0x000000000002cd74      0x517 ./Core/Src/main.o
 .debug_macro   0x000000000002d28b      0x4d4 ./Core/Src/main.o
 .debug_macro   0x000000000002d75f      0xbc5 ./Core/Src/main.o
 .debug_macro   0x000000000002e324      0x4ea ./Core/Src/main.o
 .debug_macro   0x000000000002e80e      0x662 ./Core/Src/main.o
 .debug_macro   0x000000000002ee70      0x1a1 ./Core/Src/main.o
 .debug_macro   0x000000000002f011      0x1b7 ./Core/Src/main.o
 .debug_macro   0x000000000002f1c8      0x361 ./Core/Src/main.o
 .debug_macro   0x000000000002f529       0x4c ./Core/Src/main.o
 .debug_macro   0x000000000002f575       0x1c ./Core/Src/main.o
 .debug_macro   0x000000000002f591       0x35 ./Core/Src/main.o
 .debug_macro   0x000000000002f5c6       0x10 ./Core/Src/main.o
 .debug_macro   0x000000000002f5d6       0x10 ./Core/Src/main.o
 .debug_macro   0x000000000002f5e6       0x1c ./Core/Src/main.o
 .debug_macro   0x000000000002f602       0x52 ./Core/Src/main.o
 .debug_macro   0x000000000002f654       0x22 ./Core/Src/main.o
 .debug_macro   0x000000000002f676       0x10 ./Core/Src/main.o
 .debug_macro   0x000000000002f686       0x52 ./Core/Src/main.o
 .debug_macro   0x000000000002f6d8       0xd5 ./Core/Src/main.o
 .debug_macro   0x000000000002f7ad       0x1c ./Core/Src/main.o
 .debug_macro   0x000000000002f7c9       0x3d ./Core/Src/main.o
 .debug_macro   0x000000000002f806       0x16 ./Core/Src/main.o
 .debug_macro   0x000000000002f81c      0x145 ./Core/Src/main.o
 .debug_macro   0x000000000002f961       0x16 ./Core/Src/main.o
 .debug_macro   0x000000000002f977       0x16 ./Core/Src/main.o
 .debug_macro   0x000000000002f98d       0x29 ./Core/Src/main.o
 .debug_macro   0x000000000002f9b6       0x16 ./Core/Src/main.o
 .debug_macro   0x000000000002f9cc       0x20 ./Core/Src/main.o
 .debug_macro   0x000000000002f9ec      0x286 ./Core/Src/stm32u5xx_hal_msp.o
 .debug_macro   0x000000000002fc72      0x277 ./Core/Src/stm32u5xx_hal_timebase_tim.o
 .debug_macro   0x000000000002fee9      0x290 ./Core/Src/stm32u5xx_it.o
 .debug_macro   0x0000000000030179      0x27e ./Core/Src/system_stm32u5xx.o
 .debug_macro   0x00000000000303f7      0x29b ./Drivers/STM32U5xx_HAL_Driver/Src/stm32u5xx_hal.o
 .debug_macro   0x0000000000030692      0x277 ./Drivers/STM32U5xx_HAL_Driver/Src/stm32u5xx_hal_cortex.o
 .debug_macro   0x0000000000030909      0x278 ./Drivers/STM32U5xx_HAL_Driver/Src/stm32u5xx_hal_dma.o
 .debug_macro   0x0000000000030b81      0x2a9 ./Drivers/STM32U5xx_HAL_Driver/Src/stm32u5xx_hal_gpio.o
 .debug_macro   0x0000000000030e2a      0x2a7 ./Drivers/STM32U5xx_HAL_Driver/Src/stm32u5xx_hal_icache.o
 .debug_macro   0x00000000000310d1      0x2a2 ./Drivers/STM32U5xx_HAL_Driver/Src/stm32u5xx_hal_pwr_ex.o
 .debug_macro   0x0000000000031373      0x377 ./Drivers/STM32U5xx_HAL_Driver/Src/stm32u5xx_hal_rcc.o
 .debug_macro   0x00000000000316ea      0x3ad ./Drivers/STM32U5xx_HAL_Driver/Src/stm32u5xx_hal_rcc_ex.o
 .debug_macro   0x0000000000031a97      0x27f ./Drivers/STM32U5xx_HAL_Driver/Src/stm32u5xx_hal_tim.o
 .debug_macro   0x0000000000031d16      0x27d ./Drivers/STM32U5xx_HAL_Driver/Src/stm32u5xx_hal_tim_ex.o
 .debug_macro   0x0000000000031f93      0x2a2 ./Drivers/STM32U5xx_HAL_Driver/Src/stm32u5xx_hal_uart.o
 .debug_macro   0x0000000000032235      0x283 ./Drivers/STM32U5xx_HAL_Driver/Src/stm32u5xx_hal_uart_ex.o

.debug_line     0x0000000000000000    0x16d80
 .debug_line    0x0000000000000000      0xb82 ./Core/Src/main.o
 .debug_line    0x0000000000000b82      0x8b3 ./Core/Src/stm32u5xx_hal_msp.o
 .debug_line    0x0000000000001435      0x878 ./Core/Src/stm32u5xx_hal_timebase_tim.o
 .debug_line    0x0000000000001cad      0x915 ./Core/Src/stm32u5xx_it.o
 .debug_line    0x00000000000025c2      0x908 ./Core/Src/system_stm32u5xx.o
 .debug_line    0x0000000000002eca       0x86 ./Core/Startup/startup_stm32u575zitxq.o
 .debug_line    0x0000000000002f50      0xbd2 ./Drivers/STM32U5xx_HAL_Driver/Src/stm32u5xx_hal.o
 .debug_line    0x0000000000003b22      0xe17 ./Drivers/STM32U5xx_HAL_Driver/Src/stm32u5xx_hal_cortex.o
 .debug_line    0x0000000000004939     0x1265 ./Drivers/STM32U5xx_HAL_Driver/Src/stm32u5xx_hal_dma.o
 .debug_line    0x0000000000005b9e      0xd5c ./Drivers/STM32U5xx_HAL_Driver/Src/stm32u5xx_hal_gpio.o
 .debug_line    0x00000000000068fa      0xafa ./Drivers/STM32U5xx_HAL_Driver/Src/stm32u5xx_hal_icache.o
 .debug_line    0x00000000000073f4     0x1195 ./Drivers/STM32U5xx_HAL_Driver/Src/stm32u5xx_hal_pwr_ex.o
 .debug_line    0x0000000000008589     0x15aa ./Drivers/STM32U5xx_HAL_Driver/Src/stm32u5xx_hal_rcc.o
 .debug_line    0x0000000000009b33     0x21ba ./Drivers/STM32U5xx_HAL_Driver/Src/stm32u5xx_hal_rcc_ex.o
 .debug_line    0x000000000000bced     0x44bb ./Drivers/STM32U5xx_HAL_Driver/Src/stm32u5xx_hal_tim.o
 .debug_line    0x00000000000101a8     0x2356 ./Drivers/STM32U5xx_HAL_Driver/Src/stm32u5xx_hal_tim_ex.o
 .debug_line    0x00000000000124fe     0x38b9 ./Drivers/STM32U5xx_HAL_Driver/Src/stm32u5xx_hal_uart.o
 .debug_line    0x0000000000015db7      0xfc9 ./Drivers/STM32U5xx_HAL_Driver/Src/stm32u5xx_hal_uart_ex.o

.debug_str      0x0000000000000000   0x141710
 .debug_str     0x0000000000000000   0x138c72 ./Core/Src/main.o
                                     0x1398c7 (size before relaxing)
 .debug_str     0x0000000000138c72      0xaca ./Core/Src/stm32u5xx_hal_msp.o
                                     0x138b05 (size before relaxing)
 .debug_str     0x000000000013973c       0xf8 ./Core/Src/stm32u5xx_hal_timebase_tim.o
                                     0x13875e (size before relaxing)
 .debug_str     0x0000000000139834      0x119 ./Core/Src/stm32u5xx_it.o
                                     0x138164 (size before relaxing)
 .debug_str     0x000000000013994d      0x1b8 ./Core/Src/system_stm32u5xx.o
                                     0x1379b8 (size before relaxing)
 .debug_str     0x0000000000139b05       0x37 ./Core/Startup/startup_stm32u575zitxq.o
                                         0x7b (size before relaxing)
 .debug_str     0x0000000000139b3c      0x6c6 ./Drivers/STM32U5xx_HAL_Driver/Src/stm32u5xx_hal.o
                                     0x138765 (size before relaxing)
 .debug_str     0x000000000013a202      0x396 ./Drivers/STM32U5xx_HAL_Driver/Src/stm32u5xx_hal_cortex.o
                                     0x13858c (size before relaxing)
 .debug_str     0x000000000013a598      0x33d ./Drivers/STM32U5xx_HAL_Driver/Src/stm32u5xx_hal_dma.o
                                     0x137d37 (size before relaxing)
 .debug_str     0x000000000013a8d5      0x2a3 ./Drivers/STM32U5xx_HAL_Driver/Src/stm32u5xx_hal_gpio.o
                                     0x1379bf (size before relaxing)
 .debug_str     0x000000000013ab78      0x685 ./Drivers/STM32U5xx_HAL_Driver/Src/stm32u5xx_hal_icache.o
                                     0x137d0c (size before relaxing)
 .debug_str     0x000000000013b1fd      0x807 ./Drivers/STM32U5xx_HAL_Driver/Src/stm32u5xx_hal_pwr_ex.o
                                     0x1380ee (size before relaxing)
 .debug_str     0x000000000013ba04     0x1291 ./Drivers/STM32U5xx_HAL_Driver/Src/stm32u5xx_hal_rcc.o
                                     0x13908f (size before relaxing)
 .debug_str     0x000000000013cc95     0x252c ./Drivers/STM32U5xx_HAL_Driver/Src/stm32u5xx_hal_rcc_ex.o
                                     0x13a336 (size before relaxing)
 .debug_str     0x000000000013f1c1      0xf9b ./Drivers/STM32U5xx_HAL_Driver/Src/stm32u5xx_hal_tim.o
                                     0x138dfc (size before relaxing)
 .debug_str     0x000000000014015c      0x9cb ./Drivers/STM32U5xx_HAL_Driver/Src/stm32u5xx_hal_tim_ex.o
                                     0x138c84 (size before relaxing)
 .debug_str     0x0000000000140b27      0x8e6 ./Drivers/STM32U5xx_HAL_Driver/Src/stm32u5xx_hal_uart.o
                                     0x138668 (size before relaxing)
 .debug_str     0x000000000014140d      0x303 ./Drivers/STM32U5xx_HAL_Driver/Src/stm32u5xx_hal_uart_ex.o
                                     0x138100 (size before relaxing)

.comment        0x0000000000000000       0x50
 .comment       0x0000000000000000       0x50 ./Core/Src/main.o
                                         0x51 (size before relaxing)
 .comment       0x0000000000000050       0x51 ./Core/Src/stm32u5xx_hal_msp.o
 .comment       0x0000000000000050       0x51 ./Core/Src/stm32u5xx_hal_timebase_tim.o
 .comment       0x0000000000000050       0x51 ./Core/Src/stm32u5xx_it.o
 .comment       0x0000000000000050       0x51 ./Core/Src/system_stm32u5xx.o
 .comment       0x0000000000000050       0x51 ./Drivers/STM32U5xx_HAL_Driver/Src/stm32u5xx_hal.o
 .comment       0x0000000000000050       0x51 ./Drivers/STM32U5xx_HAL_Driver/Src/stm32u5xx_hal_cortex.o
 .comment       0x0000000000000050       0x51 ./Drivers/STM32U5xx_HAL_Driver/Src/stm32u5xx_hal_dma.o
 .comment       0x0000000000000050       0x51 ./Drivers/STM32U5xx_HAL_Driver/Src/stm32u5xx_hal_gpio.o
 .comment       0x0000000000000050       0x51 ./Drivers/STM32U5xx_HAL_Driver/Src/stm32u5xx_hal_icache.o
 .comment       0x0000000000000050       0x51 ./Drivers/STM32U5xx_HAL_Driver/Src/stm32u5xx_hal_pwr_ex.o
 .comment       0x0000000000000050       0x51 ./Drivers/STM32U5xx_HAL_Driver/Src/stm32u5xx_hal_rcc.o
 .comment       0x0000000000000050       0x51 ./Drivers/STM32U5xx_HAL_Driver/Src/stm32u5xx_hal_rcc_ex.o
 .comment       0x0000000000000050       0x51 ./Drivers/STM32U5xx_HAL_Driver/Src/stm32u5xx_hal_tim.o
 .comment       0x0000000000000050       0x51 ./Drivers/STM32U5xx_HAL_Driver/Src/stm32u5xx_hal_tim_ex.o
 .comment       0x0000000000000050       0x51 ./Drivers/STM32U5xx_HAL_Driver/Src/stm32u5xx_hal_uart.o
 .comment       0x0000000000000050       0x51 ./Drivers/STM32U5xx_HAL_Driver/Src/stm32u5xx_hal_uart_ex.o

.debug_frame    0x0000000000000000     0x4fa4
 .debug_frame   0x0000000000000000      0x14c ./Core/Src/main.o
 .debug_frame   0x000000000000014c       0x80 ./Core/Src/stm32u5xx_hal_msp.o
 .debug_frame   0x00000000000001cc       0x74 ./Core/Src/stm32u5xx_hal_timebase_tim.o
 .debug_frame   0x0000000000000240      0x15c ./Core/Src/stm32u5xx_it.o
 .debug_frame   0x000000000000039c       0x58 ./Core/Src/system_stm32u5xx.o
 .debug_frame   0x00000000000003f4      0x460 ./Drivers/STM32U5xx_HAL_Driver/Src/stm32u5xx_hal.o
 .debug_frame   0x0000000000000854      0x508 ./Drivers/STM32U5xx_HAL_Driver/Src/stm32u5xx_hal_cortex.o
 .debug_frame   0x0000000000000d5c      0x2a0 ./Drivers/STM32U5xx_HAL_Driver/Src/stm32u5xx_hal_dma.o
 .debug_frame   0x0000000000000ffc      0x1c4 ./Drivers/STM32U5xx_HAL_Driver/Src/stm32u5xx_hal_gpio.o
 .debug_frame   0x00000000000011c0      0x29c ./Drivers/STM32U5xx_HAL_Driver/Src/stm32u5xx_hal_icache.o
 .debug_frame   0x000000000000145c      0x84c ./Drivers/STM32U5xx_HAL_Driver/Src/stm32u5xx_hal_pwr_ex.o
 .debug_frame   0x0000000000001ca8      0x28c ./Drivers/STM32U5xx_HAL_Driver/Src/stm32u5xx_hal_rcc.o
 .debug_frame   0x0000000000001f34      0x53c ./Drivers/STM32U5xx_HAL_Driver/Src/stm32u5xx_hal_rcc_ex.o
 .debug_frame   0x0000000000002470     0x125c ./Drivers/STM32U5xx_HAL_Driver/Src/stm32u5xx_hal_tim.o
 .debug_frame   0x00000000000036cc      0xab8 ./Drivers/STM32U5xx_HAL_Driver/Src/stm32u5xx_hal_tim_ex.o
 .debug_frame   0x0000000000004184      0xa84 ./Drivers/STM32U5xx_HAL_Driver/Src/stm32u5xx_hal_uart.o
 .debug_frame   0x0000000000004c08      0x2ec ./Drivers/STM32U5xx_HAL_Driver/Src/stm32u5xx_hal_uart_ex.o
 .debug_frame   0x0000000000004ef4       0x2c c:/st/stm32cubeide_1.11.0/stm32cubeide/plugins/com.st.stm32cube.ide.mcu.externaltools.gnu-tools-for-stm32.10.3-2021.10.win32_1.0.100.202210260954/tools/bin/../lib/gcc/arm-none-eabi/10.3.1/../../../../arm-none-eabi/lib/thumb/v8-m.main+fp/hard\libc_nano.a(lib_a-init.o)
 .debug_frame   0x0000000000004f20       0x20 c:/st/stm32cubeide_1.11.0/stm32cubeide/plugins/com.st.stm32cube.ide.mcu.externaltools.gnu-tools-for-stm32.10.3-2021.10.win32_1.0.100.202210260954/tools/bin/../lib/gcc/arm-none-eabi/10.3.1/../../../../arm-none-eabi/lib/thumb/v8-m.main+fp/hard\libc_nano.a(lib_a-memset.o)
 .debug_frame   0x0000000000004f40       0x2c c:/st/stm32cubeide_1.11.0/stm32cubeide/plugins/com.st.stm32cube.ide.mcu.externaltools.gnu-tools-for-stm32.10.3-2021.10.win32_1.0.100.202210260954/tools/bin/../lib/gcc/arm-none-eabi/10.3.1/thumb/v8-m.main+fp/hard\libgcc.a(_aeabi_uldivmod.o)
 .debug_frame   0x0000000000004f6c       0x38 c:/st/stm32cubeide_1.11.0/stm32cubeide/plugins/com.st.stm32cube.ide.mcu.externaltools.gnu-tools-for-stm32.10.3-2021.10.win32_1.0.100.202210260954/tools/bin/../lib/gcc/arm-none-eabi/10.3.1/thumb/v8-m.main+fp/hard\libgcc.a(_udivmoddi4.o)
