Archive member included to satisfy reference by file (symbol)

c:/st/stm32cubeide_1.11.0/stm32cubeide/plugins/com.st.stm32cube.ide.mcu.externaltools.gnu-tools-for-stm32.10.3-2021.10.win32_1.0.100.202210260954/tools/bin/../lib/gcc/arm-none-eabi/10.3.1/../../../../arm-none-eabi/lib/thumb/v8-m.main+fp/hard\libc_nano.a(lib_a-errno.o)
                              ./Core/Src/syscalls.o (__errno)
c:/st/stm32cubeide_1.11.0/stm32cubeide/plugins/com.st.stm32cube.ide.mcu.externaltools.gnu-tools-for-stm32.10.3-2021.10.win32_1.0.100.202210260954/tools/bin/../lib/gcc/arm-none-eabi/10.3.1/../../../../arm-none-eabi/lib/thumb/v8-m.main+fp/hard\libc_nano.a(lib_a-exit.o)
                              c:/st/stm32cubeide_1.11.0/stm32cubeide/plugins/com.st.stm32cube.ide.mcu.externaltools.gnu-tools-for-stm32.10.3-2021.10.win32_1.0.100.202210260954/tools/bin/../lib/gcc/arm-none-eabi/10.3.1/../../../../arm-none-eabi/lib/thumb/v8-m.main+fp/hard/crt0.o (exit)
c:/st/stm32cubeide_1.11.0/stm32cubeide/plugins/com.st.stm32cube.ide.mcu.externaltools.gnu-tools-for-stm32.10.3-2021.10.win32_1.0.100.202210260954/tools/bin/../lib/gcc/arm-none-eabi/10.3.1/../../../../arm-none-eabi/lib/thumb/v8-m.main+fp/hard\libc_nano.a(lib_a-impure.o)
                              c:/st/stm32cubeide_1.11.0/stm32cubeide/plugins/com.st.stm32cube.ide.mcu.externaltools.gnu-tools-for-stm32.10.3-2021.10.win32_1.0.100.202210260954/tools/bin/../lib/gcc/arm-none-eabi/10.3.1/../../../../arm-none-eabi/lib/thumb/v8-m.main+fp/hard\libc_nano.a(lib_a-exit.o) (_global_impure_ptr)
c:/st/stm32cubeide_1.11.0/stm32cubeide/plugins/com.st.stm32cube.ide.mcu.externaltools.gnu-tools-for-stm32.10.3-2021.10.win32_1.0.100.202210260954/tools/bin/../lib/gcc/arm-none-eabi/10.3.1/../../../../arm-none-eabi/lib/thumb/v8-m.main+fp/hard\libc_nano.a(lib_a-init.o)
                              c:/st/stm32cubeide_1.11.0/stm32cubeide/plugins/com.st.stm32cube.ide.mcu.externaltools.gnu-tools-for-stm32.10.3-2021.10.win32_1.0.100.202210260954/tools/bin/../lib/gcc/arm-none-eabi/10.3.1/../../../../arm-none-eabi/lib/thumb/v8-m.main+fp/hard/crt0.o (__libc_init_array)
c:/st/stm32cubeide_1.11.0/stm32cubeide/plugins/com.st.stm32cube.ide.mcu.externaltools.gnu-tools-for-stm32.10.3-2021.10.win32_1.0.100.202210260954/tools/bin/../lib/gcc/arm-none-eabi/10.3.1/../../../../arm-none-eabi/lib/thumb/v8-m.main+fp/hard\libc_nano.a(lib_a-memset.o)
                              c:/st/stm32cubeide_1.11.0/stm32cubeide/plugins/com.st.stm32cube.ide.mcu.externaltools.gnu-tools-for-stm32.10.3-2021.10.win32_1.0.100.202210260954/tools/bin/../lib/gcc/arm-none-eabi/10.3.1/../../../../arm-none-eabi/lib/thumb/v8-m.main+fp/hard/crt0.o (memset)

Discarded input sections

 .text          0x0000000000000000        0x0 c:/st/stm32cubeide_1.11.0/stm32cubeide/plugins/com.st.stm32cube.ide.mcu.externaltools.gnu-tools-for-stm32.10.3-2021.10.win32_1.0.100.202210260954/tools/bin/../lib/gcc/arm-none-eabi/10.3.1/thumb/v8-m.main+fp/hard/crti.o
 .data          0x0000000000000000        0x0 c:/st/stm32cubeide_1.11.0/stm32cubeide/plugins/com.st.stm32cube.ide.mcu.externaltools.gnu-tools-for-stm32.10.3-2021.10.win32_1.0.100.202210260954/tools/bin/../lib/gcc/arm-none-eabi/10.3.1/thumb/v8-m.main+fp/hard/crti.o
 .bss           0x0000000000000000        0x0 c:/st/stm32cubeide_1.11.0/stm32cubeide/plugins/com.st.stm32cube.ide.mcu.externaltools.gnu-tools-for-stm32.10.3-2021.10.win32_1.0.100.202210260954/tools/bin/../lib/gcc/arm-none-eabi/10.3.1/thumb/v8-m.main+fp/hard/crti.o
 .data          0x0000000000000000        0x4 c:/st/stm32cubeide_1.11.0/stm32cubeide/plugins/com.st.stm32cube.ide.mcu.externaltools.gnu-tools-for-stm32.10.3-2021.10.win32_1.0.100.202210260954/tools/bin/../lib/gcc/arm-none-eabi/10.3.1/thumb/v8-m.main+fp/hard/crtbegin.o
 .rodata        0x0000000000000000       0x24 c:/st/stm32cubeide_1.11.0/stm32cubeide/plugins/com.st.stm32cube.ide.mcu.externaltools.gnu-tools-for-stm32.10.3-2021.10.win32_1.0.100.202210260954/tools/bin/../lib/gcc/arm-none-eabi/10.3.1/thumb/v8-m.main+fp/hard/crtbegin.o
 .text          0x0000000000000000       0x7c c:/st/stm32cubeide_1.11.0/stm32cubeide/plugins/com.st.stm32cube.ide.mcu.externaltools.gnu-tools-for-stm32.10.3-2021.10.win32_1.0.100.202210260954/tools/bin/../lib/gcc/arm-none-eabi/10.3.1/../../../../arm-none-eabi/lib/thumb/v8-m.main+fp/hard/crt0.o
 .data          0x0000000000000000        0x0 c:/st/stm32cubeide_1.11.0/stm32cubeide/plugins/com.st.stm32cube.ide.mcu.externaltools.gnu-tools-for-stm32.10.3-2021.10.win32_1.0.100.202210260954/tools/bin/../lib/gcc/arm-none-eabi/10.3.1/../../../../arm-none-eabi/lib/thumb/v8-m.main+fp/hard/crt0.o
 .bss           0x0000000000000000        0x0 c:/st/stm32cubeide_1.11.0/stm32cubeide/plugins/com.st.stm32cube.ide.mcu.externaltools.gnu-tools-for-stm32.10.3-2021.10.win32_1.0.100.202210260954/tools/bin/../lib/gcc/arm-none-eabi/10.3.1/../../../../arm-none-eabi/lib/thumb/v8-m.main+fp/hard/crt0.o
[...]
Memory Configuration

Name             Origin             Length             Attributes
RAM              0x0000000020000000 0x00000000000c0000 xrw
SRAM4            0x0000000028000000 0x0000000000004000 xrw
FLASH            0x0000000008000000 0x0000000000200000 xr
*default*        0x0000000000000000 0xffffffffffffffff

Linker script and memory map

LOAD c:/st/stm32cubeide_1.11.0/stm32cubeide/plugins/com.st.stm32cube.ide.mcu.externaltools.gnu-tools-for-stm32.10.3-2021.10.win32_1.0.100.202210260954/tools/bin/../lib/gcc/arm-none-eabi/10.3.1/thumb/v8-m.main+fp/hard/crti.o
LOAD c:/st/stm32cubeide_1.11.0/stm32cubeide/plugins/com.st.stm32cube.ide.mcu.externaltools.gnu-tools-for-stm32.10.3-2021.10.win32_1.0.100.202210260954/tools/bin/../lib/gcc/arm-none-eabi/10.3.1/thumb/v8-m.main+fp/hard/crtbegin.o
LOAD c:/st/stm32cubeide_1.11.0/stm32cubeide/plugins/com.st.stm32cube.ide.mcu.externaltools.gnu-tools-for-stm32.10.3-2021.10.win32_1.0.100.202210260954/tools/bin/../lib/gcc/arm-none-eabi/10.3.1/../../../../arm-none-eabi/lib/thumb/v8-m.main+fp/hard/crt0.o
LOAD ./Core/Src/Clock_config_BSP.o
LOAD ./Core/Src/GPIO_Init_BSP.o
LOAD ./Core/Src/Power_config_BSP.o
LOAD ./Core/Src/USART_Init_BSP.o
LOAD ./Core/Src/main.o
LOAD ./Core/Src/stm32u5xx_hal_msp.o
LOAD ./Core/Src/stm32u5xx_hal_timebase_tim.o
LOAD ./Core/Src/stm32u5xx_it.o
LOAD ./Core/Src/syscalls.o
LOAD ./Core/Src/sysmem.o
LOAD ./Core/Src/system_stm32u5xx.o
LOAD ./Core/Startup/startup_stm32u575zitxq.o
LOAD ./Drivers/STM32U5xx_HAL_Driver/Src/stm32u5xx_hal.o
LOAD ./Drivers/STM32U5xx_HAL_Driver/Src/stm32u5xx_hal_cortex.o
LOAD ./Drivers/STM32U5xx_HAL_Driver/Src/stm32u5xx_hal_dma.o
LOAD ./Drivers/STM32U5xx_HAL_Driver/Src/stm32u5xx_hal_dma_ex.o
LOAD ./Drivers/STM32U5xx_HAL_Driver/Src/stm32u5xx_hal_exti.o
LOAD ./Drivers/STM32U5xx_HAL_Driver/Src/stm32u5xx_hal_flash.o
LOAD ./Drivers/STM32U5xx_HAL_Driver/Src/stm32u5xx_hal_flash_ex.o
LOAD ./Drivers/STM32U5xx_HAL_Driver/Src/stm32u5xx_hal_gpio.o
LOAD ./Drivers/STM32U5xx_HAL_Driver/Src/stm32u5xx_hal_gtzc.o
LOAD ./Drivers/STM32U5xx_HAL_Driver/Src/stm32u5xx_hal_i2c.o
LOAD ./Drivers/STM32U5xx_HAL_Driver/Src/stm32u5xx_hal_i2c_ex.o
LOAD ./Drivers/STM32U5xx_HAL_Driver/Src/stm32u5xx_hal_icache.o
LOAD ./Drivers/STM32U5xx_HAL_Driver/Src/stm32u5xx_hal_pwr.o
LOAD ./Drivers/STM32U5xx_HAL_Driver/Src/stm32u5xx_hal_pwr_ex.o
LOAD ./Drivers/STM32U5xx_HAL_Driver/Src/stm32u5xx_hal_rcc.o
LOAD ./Drivers/STM32U5xx_HAL_Driver/Src/stm32u5xx_hal_rcc_ex.o
LOAD ./Drivers/STM32U5xx_HAL_Driver/Src/stm32u5xx_hal_tim.o
LOAD ./Drivers/STM32U5xx_HAL_Driver/Src/stm32u5xx_hal_tim_ex.o
LOAD ./Drivers/STM32U5xx_HAL_Driver/Src/stm32u5xx_hal_usart.o
LOAD ./Drivers/STM32U5xx_HAL_Driver/Src/stm32u5xx_hal_usart_ex.o
START GROUP
LOAD c:/st/stm32cubeide_1.11.0/stm32cubeide/plugins/com.st.stm32cube.ide.mcu.externaltools.gnu-tools-for-stm32.10.3-2021.10.win32_1.0.100.202210260954/tools/bin/../lib/gcc/arm-none-eabi/10.3.1/../../../../arm-none-eabi/lib/thumb/v8-m.main+fp/hard\libc_nano.a
LOAD c:/st/stm32cubeide_1.11.0/stm32cubeide/plugins/com.st.stm32cube.ide.mcu.externaltools.gnu-tools-for-stm32.10.3-2021.10.win32_1.0.100.202210260954/tools/bin/../lib/gcc/arm-none-eabi/10.3.1/../../../../arm-none-eabi/lib/thumb/v8-m.main+fp/hard\libm.a
END GROUP
START GROUP
LOAD c:/st/stm32cubeide_1.11.0/stm32cubeide/plugins/com.st.stm32cube.ide.mcu.externaltools.gnu-tools-for-stm32.10.3-2021.10.win32_1.0.100.202210260954/tools/bin/../lib/gcc/arm-none-eabi/10.3.1/thumb/v8-m.main+fp/hard\libgcc.a
LOAD c:/st/stm32cubeide_1.11.0/stm32cubeide/plugins/com.st.stm32cube.ide.mcu.externaltools.gnu-tools-for-stm32.10.3-2021.10.win32_1.0.100.202210260954/tools/bin/../lib/gcc/arm-none-eabi/10.3.1/../../../../arm-none-eabi/lib/thumb/v8-m.main+fp/hard\libc_nano.a
END GROUP
START GROUP
LOAD c:/st/stm32cubeide_1.11.0/stm32cubeide/plugins/com.st.stm32cube.ide.mcu.externaltools.gnu-tools-for-stm32.10.3-2021.10.win32_1.0.100.202210260954/tools/bin/../lib/gcc/arm-none-eabi/10.3.1/thumb/v8-m.main+fp/hard\libgcc.a
LOAD c:/st/stm32cubeide_1.11.0/stm32cubeide/plugins/com.st.stm32cube.ide.mcu.externaltools.gnu-tools-for-stm32.10.3-2021.10.win32_1.0.100.202210260954/tools/bin/../lib/gcc/arm-none-eabi/10.3.1/../../../../arm-none-eabi/lib/thumb/v8-m.main+fp/hard\libc_nano.a
LOAD c:/st/stm32cubeide_1.11.0/stm32cubeide/plugins/com.st.stm32cube.ide.mcu.externaltools.gnu-tools-for-stm32.10.3-2021.10.win32_1.0.100.202210260954/tools/bin/../lib/gcc/arm-none-eabi/10.3.1/../../../../arm-none-eabi/lib/thumb/v8-m.main+fp/hard\libnosys.a
END GROUP
START GROUP
LOAD c:/st/stm32cubeide_1.11.0/stm32cubeide/plugins/com.st.stm32cube.ide.mcu.externaltools.gnu-tools-for-stm32.10.3-2021.10.win32_1.0.100.202210260954/tools/bin/../lib/gcc/arm-none-eabi/10.3.1/thumb/v8-m.main+fp/hard\libgcc.a
LOAD c:/st/stm32cubeide_1.11.0/stm32cubeide/plugins/com.st.stm32cube.ide.mcu.externaltools.gnu-tools-for-stm32.10.3-2021.10.win32_1.0.100.202210260954/tools/bin/../lib/gcc/arm-none-eabi/10.3.1/../../../../arm-none-eabi/lib/thumb/v8-m.main+fp/hard\libc_nano.a
LOAD c:/st/stm32cubeide_1.11.0/stm32cubeide/plugins/com.st.stm32cube.ide.mcu.externaltools.gnu-tools-for-stm32.10.3-2021.10.win32_1.0.100.202210260954/tools/bin/../lib/gcc/arm-none-eabi/10.3.1/../../../../arm-none-eabi/lib/thumb/v8-m.main+fp/hard\libnosys.a
END GROUP
LOAD c:/st/stm32cubeide_1.11.0/stm32cubeide/plugins/com.st.stm32cube.ide.mcu.externaltools.gnu-tools-for-stm32.10.3-2021.10.win32_1.0.100.202210260954/tools/bin/../lib/gcc/arm-none-eabi/10.3.1/thumb/v8-m.main+fp/hard/crtend.o
LOAD c:/st/stm32cubeide_1.11.0/stm32cubeide/plugins/com.st.stm32cube.ide.mcu.externaltools.gnu-tools-for-stm32.10.3-2021.10.win32_1.0.100.202210260954/tools/bin/../lib/gcc/arm-none-eabi/10.3.1/thumb/v8-m.main+fp/hard/crtn.o
                0x00000000200c0000                _estack = (ORIGIN (RAM) + LENGTH (RAM))
                0x0000000000000200                _Min_Heap_Size = 0x200
                0x0000000000000400                _Min_Stack_Size = 0x400

.isr_vector     0x0000000008000000      0x234
 *(.isr_vector)
 .isr_vector    0x0000000008000000      0x234 ./Core/Startup/startup_stm32u575zitxq.o
                0x0000000008000000                g_pfnVectors

.text           0x0000000008000234     0x5750
 *(.text)
 .text          0x0000000008000234       0x40 c:/st/stm32cubeide_1.11.0/stm32cubeide/plugins/com.st.stm32cube.ide.mcu.externaltools.gnu-tools-for-stm32.10.3-2021.10.win32_1.0.100.202210260954/tools/bin/../lib/gcc/arm-none-eabi/10.3.1/thumb/v8-m.main+fp/hard/crtbegin.o
 *(.text*)
 .text.SystemClock_Config
                0x0000000008000274       0xb8 ./Core/Src/Clock_config_BSP.o
                0x0000000008000274                SystemClock_Config
 .text.MX_GPIO_Init
                0x000000000800032c      0x1c4 ./Core/Src/GPIO_Init_BSP.o
                0x000000000800032c                MX_GPIO_Init
 .text.SystemPower_Config
                0x00000000080004f0       0x20 ./Core/Src/Power_config_BSP.o
                0x00000000080004f0                SystemPower_Config
 .text.MX_USART1_Init
                0x0000000008000510       0xa0 ./Core/Src/USART_Init_BSP.o
                0x0000000008000510                MX_USART1_Init
 .text.MX_USART2_Init
                0x00000000080005b0       0xb0 ./Core/Src/USART_Init_BSP.o
                0x00000000080005b0                MX_USART2_Init
 .text.main     0x0000000008000660      0x120 ./Core/Src/main.o
                0x0000000008000660                main
 .text.MX_ICACHE_Init
                0x0000000008000780       0x26 ./Core/Src/main.o
 *fill*         0x00000000080007a6        0x2 
 .text.HAL_TIM_PeriodElapsedCallback
                0x00000000080007a8       0x24 ./Core/Src/main.o
                0x00000000080007a8                HAL_TIM_PeriodElapsedCallback
 .text.Error_Handler
                0x00000000080007cc        0xa ./Core/Src/main.o
                0x00000000080007cc                Error_Handler
 *fill*         0x00000000080007d6        0x2 
 .text.HAL_MspInit
                0x00000000080007d8       0x38 ./Core/Src/stm32u5xx_hal_msp.o
                0x00000000080007d8                HAL_MspInit
 .text.HAL_USART_MspInit
                0x0000000008000810      0x18c ./Core/Src/stm32u5xx_hal_msp.o
                0x0000000008000810                HAL_USART_MspInit
 .text.HAL_InitTick
                0x000000000800099c       0xe0 ./Core/Src/stm32u5xx_hal_timebase_tim.o
                0x000000000800099c                HAL_InitTick
 .text.NMI_Handler
                0x0000000008000a7c        0x6 ./Core/Src/stm32u5xx_it.o
                0x0000000008000a7c                NMI_Handler
 .text.HardFault_Handler
                0x0000000008000a82        0x6 ./Core/Src/stm32u5xx_it.o
                0x0000000008000a82                HardFault_Handler
 .text.MemManage_Handler
                0x0000000008000a88        0x6 ./Core/Src/stm32u5xx_it.o
                0x0000000008000a88                MemManage_Handler
 .text.BusFault_Handler
                0x0000000008000a8e        0x6 ./Core/Src/stm32u5xx_it.o
                0x0000000008000a8e                BusFault_Handler
 .text.UsageFault_Handler
                0x0000000008000a94        0x6 ./Core/Src/stm32u5xx_it.o
                0x0000000008000a94                UsageFault_Handler
 .text.SVC_Handler
                0x0000000008000a9a        0xe ./Core/Src/stm32u5xx_it.o
                0x0000000008000a9a                SVC_Handler
 .text.DebugMon_Handler
                0x0000000008000aa8        0xe ./Core/Src/stm32u5xx_it.o
                0x0000000008000aa8                DebugMon_Handler
 .text.PendSV_Handler
                0x0000000008000ab6        0xe ./Core/Src/stm32u5xx_it.o
                0x0000000008000ab6                PendSV_Handler
 .text.SysTick_Handler
                0x0000000008000ac4        0xe ./Core/Src/stm32u5xx_it.o
                0x0000000008000ac4                SysTick_Handler
 *fill*         0x0000000008000ad2        0x2 
 .text.USART1_IRQHandler
                0x0000000008000ad4       0x14 ./Core/Src/stm32u5xx_it.o
                0x0000000008000ad4                USART1_IRQHandler
 .text.USART2_IRQHandler
                0x0000000008000ae8       0x14 ./Core/Src/stm32u5xx_it.o
                0x0000000008000ae8                USART2_IRQHandler
 .text.TIM17_IRQHandler
                0x0000000008000afc       0x14 ./Core/Src/stm32u5xx_it.o
                0x0000000008000afc                TIM17_IRQHandler
 .text.SystemInit
                0x0000000008000b10       0x70 ./Core/Src/system_stm32u5xx.o
                0x0000000008000b10                SystemInit
 .text.Reset_Handler
                0x0000000008000b80       0x50 ./Core/Startup/startup_stm32u575zitxq.o
                0x0000000008000b80                Reset_Handler
 .text.Default_Handler
                0x0000000008000bd0        0x2 ./Core/Startup/startup_stm32u575zitxq.o
                0x0000000008000bd0                EXTI2_IRQHandler
                0x0000000008000bd0                TIM8_TRG_COM_IRQHandler
                0x0000000008000bd0                TIM8_CC_IRQHandler
                0x0000000008000bd0                EXTI5_IRQHandler
                0x0000000008000bd0                FLASH_S_IRQHandler
                0x0000000008000bd0                EXTI13_IRQHandler
                0x0000000008000bd0                TIM1_CC_IRQHandler
                0x0000000008000bd0                TSC_IRQHandler
                0x0000000008000bd0                TAMP_IRQHandler
                0x0000000008000bd0                TIM6_IRQHandler
                0x0000000008000bd0                EXTI12_IRQHandler
                0x0000000008000bd0                CORDIC_IRQHandler
                0x0000000008000bd0                EXTI3_IRQHandler
                0x0000000008000bd0                LPTIM4_IRQHandler
                0x0000000008000bd0                GPDMA1_Channel5_IRQHandler
                0x0000000008000bd0                EXTI8_IRQHandler
                0x0000000008000bd0                LPTIM2_IRQHandler
                0x0000000008000bd0                I2C3_ER_IRQHandler
                0x0000000008000bd0                PWR_S3WU_IRQHandler
                0x0000000008000bd0                MDF1_FLT2_IRQHandler
                0x0000000008000bd0                LPDMA1_Channel3_IRQHandler
                0x0000000008000bd0                LPTIM3_IRQHandler
                0x0000000008000bd0                EXTI0_IRQHandler
                0x0000000008000bd0                I2C2_EV_IRQHandler
                0x0000000008000bd0                FPU_IRQHandler
                0x0000000008000bd0                GPDMA1_Channel3_IRQHandler
                0x0000000008000bd0                GPDMA1_Channel7_IRQHandler
                0x0000000008000bd0                MDF1_FLT4_IRQHandler
                0x0000000008000bd0                FDCAN1_IT1_IRQHandler
                0x0000000008000bd0                RAMCFG_IRQHandler
                0x0000000008000bd0                GPDMA1_Channel9_IRQHandler
                0x0000000008000bd0                DCACHE1_IRQHandler
                0x0000000008000bd0                SPI1_IRQHandler
                0x0000000008000bd0                OCTOSPI1_IRQHandler
                0x0000000008000bd0                GPDMA1_Channel2_IRQHandler
                0x0000000008000bd0                TIM8_UP_IRQHandler
                0x0000000008000bd0                RCC_S_IRQHandler
                0x0000000008000bd0                OCTOSPI2_IRQHandler
                0x0000000008000bd0                SAI2_IRQHandler
                0x0000000008000bd0                MDF1_FLT1_IRQHandler
                0x0000000008000bd0                ADC1_IRQHandler
                0x0000000008000bd0                MDF1_FLT5_IRQHandler
                0x0000000008000bd0                EXTI15_IRQHandler
                0x0000000008000bd0                USART3_IRQHandler
                0x0000000008000bd0                RTC_IRQHandler
                0x0000000008000bd0                EXTI9_IRQHandler
                0x0000000008000bd0                UART5_IRQHandler
                0x0000000008000bd0                TIM4_IRQHandler
                0x0000000008000bd0                I2C1_EV_IRQHandler
                0x0000000008000bd0                GPDMA1_Channel12_IRQHandler
                0x0000000008000bd0                GPDMA1_Channel1_IRQHandler
                0x0000000008000bd0                TIM16_IRQHandler
                0x0000000008000bd0                GPDMA1_Channel15_IRQHandler
                0x0000000008000bd0                UART4_IRQHandler
                0x0000000008000bd0                SecureFault_Handler
                0x0000000008000bd0                TIM3_IRQHandler
                0x0000000008000bd0                RCC_IRQHandler
                0x0000000008000bd0                TIM1_TRG_COM_IRQHandler
                0x0000000008000bd0                Default_Handler
                0x0000000008000bd0                GPDMA1_Channel8_IRQHandler
                0x0000000008000bd0                FMAC_IRQHandler
                0x0000000008000bd0                GPDMA1_Channel11_IRQHandler
                0x0000000008000bd0                TIM7_IRQHandler
                0x0000000008000bd0                SDMMC1_IRQHandler
                0x0000000008000bd0                TIM5_IRQHandler
                0x0000000008000bd0                UCPD1_IRQHandler
                0x0000000008000bd0                GPDMA1_Channel0_IRQHandler
                0x0000000008000bd0                TIM15_IRQHandler
                0x0000000008000bd0                I2C3_EV_IRQHandler
                0x0000000008000bd0                LPDMA1_Channel0_IRQHandler
                0x0000000008000bd0                PVD_PVM_IRQHandler
                0x0000000008000bd0                SPI2_IRQHandler
                0x0000000008000bd0                LPDMA1_Channel1_IRQHandler
                0x0000000008000bd0                EXTI14_IRQHandler
                0x0000000008000bd0                EXTI11_IRQHandler
                0x0000000008000bd0                CRS_IRQHandler
                0x0000000008000bd0                GPDMA1_Channel14_IRQHandler
                0x0000000008000bd0                EXTI4_IRQHandler
                0x0000000008000bd0                RTC_S_IRQHandler
                0x0000000008000bd0                GPDMA1_Channel13_IRQHandler
                0x0000000008000bd0                RNG_IRQHandler
                0x0000000008000bd0                COMP_IRQHandler
                0x0000000008000bd0                TIM1_UP_IRQHandler
                0x0000000008000bd0                ADC4_IRQHandler
                0x0000000008000bd0                WWDG_IRQHandler
                0x0000000008000bd0                I2C4_EV_IRQHandler
                0x0000000008000bd0                ADF1_IRQHandler
                0x0000000008000bd0                IWDG_IRQHandler
                0x0000000008000bd0                LPUART1_IRQHandler
                0x0000000008000bd0                MDF1_FLT0_IRQHandler
                0x0000000008000bd0                FDCAN1_IT0_IRQHandler
                0x0000000008000bd0                TIM2_IRQHandler
                0x0000000008000bd0                GPDMA1_Channel4_IRQHandler
                0x0000000008000bd0                EXTI7_IRQHandler
                0x0000000008000bd0                DMA2D_IRQHandler
                0x0000000008000bd0                TIM1_BRK_IRQHandler
                0x0000000008000bd0                EXTI1_IRQHandler
                0x0000000008000bd0                SDMMC2_IRQHandler
                0x0000000008000bd0                DAC1_IRQHandler
                0x0000000008000bd0                GTZC_IRQHandler
                0x0000000008000bd0                MDF1_FLT3_IRQHandler
                0x0000000008000bd0                GPDMA1_Channel6_IRQHandler
                0x0000000008000bd0                I2C2_ER_IRQHandler
                0x0000000008000bd0                TIM8_BRK_IRQHandler
                0x0000000008000bd0                FLASH_IRQHandler
                0x0000000008000bd0                EXTI10_IRQHandler
                0x0000000008000bd0                OTG_FS_IRQHandler
                0x0000000008000bd0                SPI3_IRQHandler
                0x0000000008000bd0                LPDMA1_Channel2_IRQHandler
                0x0000000008000bd0                I2C1_ER_IRQHandler
                0x0000000008000bd0                FMC_IRQHandler
                0x0000000008000bd0                EXTI6_IRQHandler
                0x0000000008000bd0                LPTIM1_IRQHandler
                0x0000000008000bd0                DCMI_PSSI_IRQHandler
                0x0000000008000bd0                I2C4_ER_IRQHandler
                0x0000000008000bd0                GPDMA1_Channel10_IRQHandler
                0x0000000008000bd0                ICACHE_IRQHandler
                0x0000000008000bd0                SAI1_IRQHandler
                0x0000000008000bd0                HASH_IRQHandler
 *fill*         0x0000000008000bd2        0x2 
 .text.HAL_Init
                0x0000000008000bd4       0x5c ./Drivers/STM32U5xx_HAL_Driver/Src/stm32u5xx_hal.o
                0x0000000008000bd4                HAL_Init
 .text.HAL_IncTick
                0x0000000008000c30       0x28 ./Drivers/STM32U5xx_HAL_Driver/Src/stm32u5xx_hal.o
                0x0000000008000c30                HAL_IncTick
 .text.HAL_GetTick
                0x0000000008000c58       0x18 ./Drivers/STM32U5xx_HAL_Driver/Src/stm32u5xx_hal.o
                0x0000000008000c58                HAL_GetTick
 .text.HAL_Delay
                0x0000000008000c70       0x48 ./Drivers/STM32U5xx_HAL_Driver/Src/stm32u5xx_hal.o
                0x0000000008000c70                HAL_Delay
 .text.__NVIC_SetPriorityGrouping
                0x0000000008000cb8       0x48 ./Drivers/STM32U5xx_HAL_Driver/Src/stm32u5xx_hal_cortex.o
 .text.__NVIC_GetPriorityGrouping
                0x0000000008000d00       0x1c ./Drivers/STM32U5xx_HAL_Driver/Src/stm32u5xx_hal_cortex.o
 .text.__NVIC_EnableIRQ
                0x0000000008000d1c       0x3c ./Drivers/STM32U5xx_HAL_Driver/Src/stm32u5xx_hal_cortex.o
 .text.__NVIC_SetPriority
                0x0000000008000d58       0x54 ./Drivers/STM32U5xx_HAL_Driver/Src/stm32u5xx_hal_cortex.o
 .text.NVIC_EncodePriority
                0x0000000008000dac       0x66 ./Drivers/STM32U5xx_HAL_Driver/Src/stm32u5xx_hal_cortex.o
 .text.HAL_NVIC_SetPriorityGrouping
                0x0000000008000e12       0x16 ./Drivers/STM32U5xx_HAL_Driver/Src/stm32u5xx_hal_cortex.o
                0x0000000008000e12                HAL_NVIC_SetPriorityGrouping
 .text.HAL_NVIC_SetPriority
                0x0000000008000e28       0x34 ./Drivers/STM32U5xx_HAL_Driver/Src/stm32u5xx_hal_cortex.o
                0x0000000008000e28                HAL_NVIC_SetPriority
 .text.HAL_NVIC_EnableIRQ
                0x0000000008000e5c       0x1c ./Drivers/STM32U5xx_HAL_Driver/Src/stm32u5xx_hal_cortex.o
                0x0000000008000e5c                HAL_NVIC_EnableIRQ
 .text.HAL_DMA_Abort_IT
                0x0000000008000e78       0x52 ./Drivers/STM32U5xx_HAL_Driver/Src/stm32u5xx_hal_dma.o
                0x0000000008000e78                HAL_DMA_Abort_IT
 *fill*         0x0000000008000eca        0x2 
 .text.HAL_GPIO_Init
                0x0000000008000ecc      0x3b0 ./Drivers/STM32U5xx_HAL_Driver/Src/stm32u5xx_hal_gpio.o
                0x0000000008000ecc                HAL_GPIO_Init
 .text.HAL_GPIO_WritePin
                0x000000000800127c       0x30 ./Drivers/STM32U5xx_HAL_Driver/Src/stm32u5xx_hal_gpio.o
                0x000000000800127c                HAL_GPIO_WritePin
 .text.HAL_GPIO_TogglePin
                0x00000000080012ac       0x34 ./Drivers/STM32U5xx_HAL_Driver/Src/stm32u5xx_hal_gpio.o
                0x00000000080012ac                HAL_GPIO_TogglePin
 .text.HAL_ICACHE_ConfigAssociativityMode
                0x00000000080012e0       0x40 ./Drivers/STM32U5xx_HAL_Driver/Src/stm32u5xx_hal_icache.o
                0x00000000080012e0                HAL_ICACHE_ConfigAssociativityMode
 .text.HAL_ICACHE_Enable
                0x0000000008001320       0x20 ./Drivers/STM32U5xx_HAL_Driver/Src/stm32u5xx_hal_icache.o
                0x0000000008001320                HAL_ICACHE_Enable
 .text.HAL_PWREx_ControlVoltageScaling
                0x0000000008001340       0xe8 ./Drivers/STM32U5xx_HAL_Driver/Src/stm32u5xx_hal_pwr_ex.o
                0x0000000008001340                HAL_PWREx_ControlVoltageScaling
 .text.HAL_PWREx_GetVoltageRange
                0x0000000008001428       0x1c ./Drivers/STM32U5xx_HAL_Driver/Src/stm32u5xx_hal_pwr_ex.o
                0x0000000008001428                HAL_PWREx_GetVoltageRange
 .text.HAL_PWREx_ConfigSupply
                0x0000000008001444       0xa0 ./Drivers/STM32U5xx_HAL_Driver/Src/stm32u5xx_hal_pwr_ex.o
                0x0000000008001444                HAL_PWREx_ConfigSupply
 .text.HAL_PWREx_EnableVddIO2
                0x00000000080014e4       0x20 ./Drivers/STM32U5xx_HAL_Driver/Src/stm32u5xx_hal_pwr_ex.o
                0x00000000080014e4                HAL_PWREx_EnableVddIO2
 .text.HAL_PWREx_DisableUCPDDeadBattery
                0x0000000008001504       0x20 ./Drivers/STM32U5xx_HAL_Driver/Src/stm32u5xx_hal_pwr_ex.o
                0x0000000008001504                HAL_PWREx_DisableUCPDDeadBattery
 .text.HAL_RCC_OscConfig
                0x0000000008001524      0xdac ./Drivers/STM32U5xx_HAL_Driver/Src/stm32u5xx_hal_rcc.o
                0x0000000008001524                HAL_RCC_OscConfig
 .text.HAL_RCC_ClockConfig
                0x00000000080022d0      0x3e4 ./Drivers/STM32U5xx_HAL_Driver/Src/stm32u5xx_hal_rcc.o
                0x00000000080022d0                HAL_RCC_ClockConfig
 .text.HAL_RCC_GetSysClockFreq
                0x00000000080026b4      0x210 ./Drivers/STM32U5xx_HAL_Driver/Src/stm32u5xx_hal_rcc.o
                0x00000000080026b4                HAL_RCC_GetSysClockFreq
 .text.HAL_RCC_GetHCLKFreq
                0x00000000080028c4       0x34 ./Drivers/STM32U5xx_HAL_Driver/Src/stm32u5xx_hal_rcc.o
                0x00000000080028c4                HAL_RCC_GetHCLKFreq
 .text.HAL_RCC_GetPCLK1Freq
                0x00000000080028f8       0x28 ./Drivers/STM32U5xx_HAL_Driver/Src/stm32u5xx_hal_rcc.o
                0x00000000080028f8                HAL_RCC_GetPCLK1Freq
 .text.HAL_RCC_GetPCLK2Freq
                0x0000000008002920       0x28 ./Drivers/STM32U5xx_HAL_Driver/Src/stm32u5xx_hal_rcc.o
                0x0000000008002920                HAL_RCC_GetPCLK2Freq
 .text.HAL_RCC_GetClockConfig
                0x0000000008002948       0x70 ./Drivers/STM32U5xx_HAL_Driver/Src/stm32u5xx_hal_rcc.o
                0x0000000008002948                HAL_RCC_GetClockConfig
 .text.RCC_SetFlashLatencyFromMSIRange
                0x00000000080029b8      0x10c ./Drivers/STM32U5xx_HAL_Driver/Src/stm32u5xx_hal_rcc.o
 .text.HAL_RCCEx_PeriphCLKConfig
                0x0000000008002ac4      0xb80 ./Drivers/STM32U5xx_HAL_Driver/Src/stm32u5xx_hal_rcc_ex.o
                0x0000000008002ac4                HAL_RCCEx_PeriphCLKConfig
 .text.RCCEx_PLL2_Config
                0x0000000008003644      0x130 ./Drivers/STM32U5xx_HAL_Driver/Src/stm32u5xx_hal_rcc_ex.o
 .text.RCCEx_PLL3_Config
                0x0000000008003774      0x130 ./Drivers/STM32U5xx_HAL_Driver/Src/stm32u5xx_hal_rcc_ex.o
 .text.HAL_TIM_Base_Init
                0x00000000080038a4       0xae ./Drivers/STM32U5xx_HAL_Driver/Src/stm32u5xx_hal_tim.o
                0x00000000080038a4                HAL_TIM_Base_Init
 .text.HAL_TIM_Base_MspInit
                0x0000000008003952       0x14 ./Drivers/STM32U5xx_HAL_Driver/Src/stm32u5xx_hal_tim.o
                0x0000000008003952                HAL_TIM_Base_MspInit
 *fill*         0x0000000008003966        0x2 
 .text.HAL_TIM_Base_Start_IT
                0x0000000008003968      0x140 ./Drivers/STM32U5xx_HAL_Driver/Src/stm32u5xx_hal_tim.o
                0x0000000008003968                HAL_TIM_Base_Start_IT
 .text.HAL_TIM_IRQHandler
                0x0000000008003aa8      0x2fe ./Drivers/STM32U5xx_HAL_Driver/Src/stm32u5xx_hal_tim.o
                0x0000000008003aa8                HAL_TIM_IRQHandler
 .text.HAL_TIM_OC_DelayElapsedCallback
                0x0000000008003da6       0x14 ./Drivers/STM32U5xx_HAL_Driver/Src/stm32u5xx_hal_tim.o
                0x0000000008003da6                HAL_TIM_OC_DelayElapsedCallback
 .text.HAL_TIM_IC_CaptureCallback
                0x0000000008003dba       0x14 ./Drivers/STM32U5xx_HAL_Driver/Src/stm32u5xx_hal_tim.o
                0x0000000008003dba                HAL_TIM_IC_CaptureCallback
 .text.HAL_TIM_PWM_PulseFinishedCallback
                0x0000000008003dce       0x14 ./Drivers/STM32U5xx_HAL_Driver/Src/stm32u5xx_hal_tim.o
                0x0000000008003dce                HAL_TIM_PWM_PulseFinishedCallback
 .text.HAL_TIM_TriggerCallback
                0x0000000008003de2       0x14 ./Drivers/STM32U5xx_HAL_Driver/Src/stm32u5xx_hal_tim.o
                0x0000000008003de2                HAL_TIM_TriggerCallback
 *fill*         0x0000000008003df6        0x2 
 .text.TIM_Base_SetConfig
                0x0000000008003df8      0x1f4 ./Drivers/STM32U5xx_HAL_Driver/Src/stm32u5xx_hal_tim.o
                0x0000000008003df8                TIM_Base_SetConfig
 .text.HAL_TIMEx_CommutCallback
                0x0000000008003fec       0x14 ./Drivers/STM32U5xx_HAL_Driver/Src/stm32u5xx_hal_tim_ex.o
                0x0000000008003fec                HAL_TIMEx_CommutCallback
 .text.HAL_TIMEx_BreakCallback
                0x0000000008004000       0x14 ./Drivers/STM32U5xx_HAL_Driver/Src/stm32u5xx_hal_tim_ex.o
                0x0000000008004000                HAL_TIMEx_BreakCallback
 .text.HAL_TIMEx_Break2Callback
                0x0000000008004014       0x14 ./Drivers/STM32U5xx_HAL_Driver/Src/stm32u5xx_hal_tim_ex.o
                0x0000000008004014                HAL_TIMEx_Break2Callback
 .text.HAL_TIMEx_EncoderIndexCallback
                0x0000000008004028       0x14 ./Drivers/STM32U5xx_HAL_Driver/Src/stm32u5xx_hal_tim_ex.o
                0x0000000008004028                HAL_TIMEx_EncoderIndexCallback
 .text.HAL_TIMEx_DirectionChangeCallback
                0x000000000800403c       0x14 ./Drivers/STM32U5xx_HAL_Driver/Src/stm32u5xx_hal_tim_ex.o
                0x000000000800403c                HAL_TIMEx_DirectionChangeCallback
 .text.HAL_TIMEx_IndexErrorCallback
                0x0000000008004050       0x14 ./Drivers/STM32U5xx_HAL_Driver/Src/stm32u5xx_hal_tim_ex.o
                0x0000000008004050                HAL_TIMEx_IndexErrorCallback
 .text.HAL_TIMEx_TransitionErrorCallback
                0x0000000008004064       0x14 ./Drivers/STM32U5xx_HAL_Driver/Src/stm32u5xx_hal_tim_ex.o
                0x0000000008004064                HAL_TIMEx_TransitionErrorCallback
 .text.HAL_USART_Init
                0x0000000008004078       0x94 ./Drivers/STM32U5xx_HAL_Driver/Src/stm32u5xx_hal_usart.o
                0x0000000008004078                HAL_USART_Init
 .text.HAL_USART_TransmitReceive_IT
                0x000000000800410c      0x254 ./Drivers/STM32U5xx_HAL_Driver/Src/stm32u5xx_hal_usart.o
                0x000000000800410c                HAL_USART_TransmitReceive_IT
 .text.HAL_USART_IRQHandler
                0x0000000008004360      0x304 ./Drivers/STM32U5xx_HAL_Driver/Src/stm32u5xx_hal_usart.o
                0x0000000008004360                HAL_USART_IRQHandler
 .text.HAL_USART_TxCpltCallback
                0x0000000008004664       0x14 ./Drivers/STM32U5xx_HAL_Driver/Src/stm32u5xx_hal_usart.o
                0x0000000008004664                HAL_USART_TxCpltCallback
 .text.HAL_USART_RxCpltCallback
                0x0000000008004678       0x14 ./Drivers/STM32U5xx_HAL_Driver/Src/stm32u5xx_hal_usart.o
                0x0000000008004678                HAL_USART_RxCpltCallback
 .text.HAL_USART_TxRxCpltCallback
                0x000000000800468c       0x14 ./Drivers/STM32U5xx_HAL_Driver/Src/stm32u5xx_hal_usart.o
                0x000000000800468c                HAL_USART_TxRxCpltCallback
 .text.HAL_USART_ErrorCallback
                0x00000000080046a0       0x14 ./Drivers/STM32U5xx_HAL_Driver/Src/stm32u5xx_hal_usart.o
                0x00000000080046a0                HAL_USART_ErrorCallback
 .text.USART_EndTransfer
                0x00000000080046b4       0x40 ./Drivers/STM32U5xx_HAL_Driver/Src/stm32u5xx_hal_usart.o
 .text.USART_DMAAbortOnError
                0x00000000080046f4       0x28 ./Drivers/STM32U5xx_HAL_Driver/Src/stm32u5xx_hal_usart.o
 .text.USART_WaitOnFlagUntilTimeout
                0x000000000800471c       0x6c ./Drivers/STM32U5xx_HAL_Driver/Src/stm32u5xx_hal_usart.o
 .text.USART_SetConfig
                0x0000000008004788      0x5d0 ./Drivers/STM32U5xx_HAL_Driver/Src/stm32u5xx_hal_usart.o
 .text.USART_CheckIdleState
                0x0000000008004d58       0x86 ./Drivers/STM32U5xx_HAL_Driver/Src/stm32u5xx_hal_usart.o
 .text.USART_TxISR_8BIT
                0x0000000008004dde       0x78 ./Drivers/STM32U5xx_HAL_Driver/Src/stm32u5xx_hal_usart.o
 .text.USART_TxISR_16BIT
                0x0000000008004e56       0x82 ./Drivers/STM32U5xx_HAL_Driver/Src/stm32u5xx_hal_usart.o
 .text.USART_TxISR_8BIT_FIFOEN
                0x0000000008004ed8       0x9c ./Drivers/STM32U5xx_HAL_Driver/Src/stm32u5xx_hal_usart.o
 .text.USART_TxISR_16BIT_FIFOEN
                0x0000000008004f74       0xa6 ./Drivers/STM32U5xx_HAL_Driver/Src/stm32u5xx_hal_usart.o
 .text.USART_EndTransmit_IT
                0x000000000800501a       0x82 ./Drivers/STM32U5xx_HAL_Driver/Src/stm32u5xx_hal_usart.o
 .text.USART_RxISR_8BIT
                0x000000000800509c      0x114 ./Drivers/STM32U5xx_HAL_Driver/Src/stm32u5xx_hal_usart.o
 .text.USART_RxISR_16BIT
                0x00000000080051b0      0x116 ./Drivers/STM32U5xx_HAL_Driver/Src/stm32u5xx_hal_usart.o
 *fill*         0x00000000080052c6        0x2 
 .text.USART_RxISR_8BIT_FIFOEN
                0x00000000080052c8      0x1bc ./Drivers/STM32U5xx_HAL_Driver/Src/stm32u5xx_hal_usart.o
 .text.USART_RxISR_16BIT_FIFOEN
                0x0000000008005484      0x1c0 ./Drivers/STM32U5xx_HAL_Driver/Src/stm32u5xx_hal_usart.o
 .text.HAL_USARTEx_RxFifoFullCallback
                0x0000000008005644       0x14 ./Drivers/STM32U5xx_HAL_Driver/Src/stm32u5xx_hal_usart_ex.o
                0x0000000008005644                HAL_USARTEx_RxFifoFullCallback
 .text.HAL_USARTEx_TxFifoEmptyCallback
                0x0000000008005658       0x14 ./Drivers/STM32U5xx_HAL_Driver/Src/stm32u5xx_hal_usart_ex.o
                0x0000000008005658                HAL_USARTEx_TxFifoEmptyCallback
 .text.HAL_USARTEx_EnableSlaveMode
                0x000000000800566c       0xaa ./Drivers/STM32U5xx_HAL_Driver/Src/stm32u5xx_hal_usart_ex.o
                0x000000000800566c                HAL_USARTEx_EnableSlaveMode
 .text.HAL_USARTEx_DisableFifoMode
                0x0000000008005716       0x72 ./Drivers/STM32U5xx_HAL_Driver/Src/stm32u5xx_hal_usart_ex.o
                0x0000000008005716                HAL_USARTEx_DisableFifoMode
 .text.HAL_USARTEx_SetTxFifoThreshold
                0x0000000008005788       0x7c ./Drivers/STM32U5xx_HAL_Driver/Src/stm32u5xx_hal_usart_ex.o
                0x0000000008005788                HAL_USARTEx_SetTxFifoThreshold
 .text.HAL_USARTEx_SetRxFifoThreshold
                0x0000000008005804       0x7c ./Drivers/STM32U5xx_HAL_Driver/Src/stm32u5xx_hal_usart_ex.o
                0x0000000008005804                HAL_USARTEx_SetRxFifoThreshold
 .text.USARTEx_SetNbDataToProcess
                0x0000000008005880       0x94 ./Drivers/STM32U5xx_HAL_Driver/Src/stm32u5xx_hal_usart_ex.o
 .text.__libc_init_array
                0x0000000008005914       0x48 c:/st/stm32cubeide_1.11.0/stm32cubeide/plugins/com.st.stm32cube.ide.mcu.externaltools.gnu-tools-for-stm32.10.3-2021.10.win32_1.0.100.202210260954/tools/bin/../lib/gcc/arm-none-eabi/10.3.1/../../../../arm-none-eabi/lib/thumb/v8-m.main+fp/hard\libc_nano.a(lib_a-init.o)
                0x0000000008005914                __libc_init_array
 .text.memset   0x000000000800595c       0x10 c:/st/stm32cubeide_1.11.0/stm32cubeide/plugins/com.st.stm32cube.ide.mcu.externaltools.gnu-tools-for-stm32.10.3-2021.10.win32_1.0.100.202210260954/tools/bin/../lib/gcc/arm-none-eabi/10.3.1/../../../../arm-none-eabi/lib/thumb/v8-m.main+fp/hard\libc_nano.a(lib_a-memset.o)
                0x000000000800595c                memset
 *(.glue_7)
 .glue_7        0x000000000800596c        0x0 linker stubs
 *(.glue_7t)
 .glue_7t       0x000000000800596c        0x0 linker stubs
 *(.eh_frame)
 .eh_frame      0x000000000800596c        0x0 c:/st/stm32cubeide_1.11.0/stm32cubeide/plugins/com.st.stm32cube.ide.mcu.externaltools.gnu-tools-for-stm32.10.3-2021.10.win32_1.0.100.202210260954/tools/bin/../lib/gcc/arm-none-eabi/10.3.1/thumb/v8-m.main+fp/hard/crtbegin.o
 *(.init)
 .init          0x000000000800596c        0x4 c:/st/stm32cubeide_1.11.0/stm32cubeide/plugins/com.st.stm32cube.ide.mcu.externaltools.gnu-tools-for-stm32.10.3-2021.10.win32_1.0.100.202210260954/tools/bin/../lib/gcc/arm-none-eabi/10.3.1/thumb/v8-m.main+fp/hard/crti.o
                0x000000000800596c                _init
 .init          0x0000000008005970        0x8 c:/st/stm32cubeide_1.11.0/stm32cubeide/plugins/com.st.stm32cube.ide.mcu.externaltools.gnu-tools-for-stm32.10.3-2021.10.win32_1.0.100.202210260954/tools/bin/../lib/gcc/arm-none-eabi/10.3.1/thumb/v8-m.main+fp/hard/crtn.o
 *(.fini)
 .fini          0x0000000008005978        0x4 c:/st/stm32cubeide_1.11.0/stm32cubeide/plugins/com.st.stm32cube.ide.mcu.externaltools.gnu-tools-for-stm32.10.3-2021.10.win32_1.0.100.202210260954/tools/bin/../lib/gcc/arm-none-eabi/10.3.1/thumb/v8-m.main+fp/hard/crti.o
                0x0000000008005978                _fini
 .fini          0x000000000800597c        0x8 c:/st/stm32cubeide_1.11.0/stm32cubeide/plugins/com.st.stm32cube.ide.mcu.externaltools.gnu-tools-for-stm32.10.3-2021.10.win32_1.0.100.202210260954/tools/bin/../lib/gcc/arm-none-eabi/10.3.1/thumb/v8-m.main+fp/hard/crtn.o
                0x0000000008005984                _etext = .

.vfp11_veneer   0x0000000008005984        0x0
 .vfp11_veneer  0x0000000008005984        0x0 linker stubs

.v4_bx          0x0000000008005984        0x0
 .v4_bx         0x0000000008005984        0x0 linker stubs

.iplt           0x0000000008005984        0x0
 .iplt          0x0000000008005984        0x0 c:/st/stm32cubeide_1.11.0/stm32cubeide/plugins/com.st.stm32cube.ide.mcu.externaltools.gnu-tools-for-stm32.10.3-2021.10.win32_1.0.100.202210260954/tools/bin/../lib/gcc/arm-none-eabi/10.3.1/thumb/v8-m.main+fp/hard/crtbegin.o

.rodata         0x0000000008005984       0xe8
 *(.rodata)
 *(.rodata*)
 .rodata.AHBPrescTable
                0x0000000008005984       0x10 ./Core/Src/system_stm32u5xx.o
                0x0000000008005984                AHBPrescTable
 .rodata.APBPrescTable
                0x0000000008005994        0x8 ./Core/Src/system_stm32u5xx.o
                0x0000000008005994                APBPrescTable
 .rodata.MSIRangeTable
                0x000000000800599c       0x40 ./Core/Src/system_stm32u5xx.o
                0x000000000800599c                MSIRangeTable
 .rodata.LPGPIO_Map
                0x00000000080059dc       0x80 ./Drivers/STM32U5xx_HAL_Driver/Src/stm32u5xx_hal_gpio.o
 .rodata.numerator.1
                0x0000000008005a5c        0x8 ./Drivers/STM32U5xx_HAL_Driver/Src/stm32u5xx_hal_usart_ex.o
 .rodata.denominator.0
                0x0000000008005a64        0x8 ./Drivers/STM32U5xx_HAL_Driver/Src/stm32u5xx_hal_usart_ex.o

.rel.dyn        0x0000000008005a6c        0x0
 .rel.iplt      0x0000000008005a6c        0x0 c:/st/stm32cubeide_1.11.0/stm32cubeide/plugins/com.st.stm32cube.ide.mcu.externaltools.gnu-tools-for-stm32.10.3-2021.10.win32_1.0.100.202210260954/tools/bin/../lib/gcc/arm-none-eabi/10.3.1/thumb/v8-m.main+fp/hard/crtbegin.o

.ARM.extab
 *(.ARM.extab* .gnu.linkonce.armextab.*)

.ARM            0x0000000008005a6c        0x0
                0x0000000008005a6c                __exidx_start = .
 *(.ARM.exidx*)
                0x0000000008005a6c                __exidx_end = .

.preinit_array  0x0000000008005a6c        0x0
                0x0000000008005a6c                PROVIDE (__preinit_array_start = .)
 *(.preinit_array*)
                0x0000000008005a6c                PROVIDE (__preinit_array_end = .)

.init_array     0x0000000008005a6c        0x4
                0x0000000008005a6c                PROVIDE (__init_array_start = .)
 *(SORT_BY_NAME(.init_array.*))
 *(.init_array*)
 .init_array    0x0000000008005a6c        0x4 c:/st/stm32cubeide_1.11.0/stm32cubeide/plugins/com.st.stm32cube.ide.mcu.externaltools.gnu-tools-for-stm32.10.3-2021.10.win32_1.0.100.202210260954/tools/bin/../lib/gcc/arm-none-eabi/10.3.1/thumb/v8-m.main+fp/hard/crtbegin.o
                0x0000000008005a70                PROVIDE (__init_array_end = .)

.fini_array     0x0000000008005a70        0x4
                [!provide]                        PROVIDE (__fini_array_start = .)
 *(SORT_BY_NAME(.fini_array.*))
 *(.fini_array*)
 .fini_array    0x0000000008005a70        0x4 c:/st/stm32cubeide_1.11.0/stm32cubeide/plugins/com.st.stm32cube.ide.mcu.externaltools.gnu-tools-for-stm32.10.3-2021.10.win32_1.0.100.202210260954/tools/bin/../lib/gcc/arm-none-eabi/10.3.1/thumb/v8-m.main+fp/hard/crtbegin.o
                [!provide]                        PROVIDE (__fini_array_end = .)
                0x0000000008005a74                _sidata = LOADADDR (.data)

.data           0x0000000020000000       0x31 load address 0x0000000008005a74
                0x0000000020000000                _sdata = .
 *(.data)
 *(.data*)
 .data.master_txdata
                0x0000000020000000       0x14 ./Core/Src/main.o
                0x0000000020000000                master_txdata
 .data.slave_txdata
                0x0000000020000014       0x14 ./Core/Src/main.o
                0x0000000020000014                slave_txdata
 .data.SystemCoreClock
                0x0000000020000028        0x4 ./Core/Src/system_stm32u5xx.o
                0x0000000020000028                SystemCoreClock
 .data.uwTickPrio
                0x000000002000002c        0x4 ./Drivers/STM32U5xx_HAL_Driver/Src/stm32u5xx_hal.o
                0x000000002000002c                uwTickPrio
 .data.uwTickFreq
                0x0000000020000030        0x1 ./Drivers/STM32U5xx_HAL_Driver/Src/stm32u5xx_hal.o
                0x0000000020000030                uwTickFreq
 *(.RamFunc)
 *(.RamFunc*)
                0x0000000020000031                _edata = .

.igot.plt       0x0000000020000034        0x0 load address 0x0000000008005aa5
 .igot.plt      0x0000000020000034        0x0 c:/st/stm32cubeide_1.11.0/stm32cubeide/plugins/com.st.stm32cube.ide.mcu.externaltools.gnu-tools-for-stm32.10.3-2021.10.win32_1.0.100.202210260954/tools/bin/../lib/gcc/arm-none-eabi/10.3.1/thumb/v8-m.main+fp/hard/crtbegin.o

.bss            0x0000000020000034      0x158 load address 0x0000000008005aa5
                0x0000000020000034                _sbss = .
                0x0000000020000034                __bss_start__ = _sbss
 *(.bss)
 .bss           0x0000000020000034       0x1c c:/st/stm32cubeide_1.11.0/stm32cubeide/plugins/com.st.stm32cube.ide.mcu.externaltools.gnu-tools-for-stm32.10.3-2021.10.win32_1.0.100.202210260954/tools/bin/../lib/gcc/arm-none-eabi/10.3.1/thumb/v8-m.main+fp/hard/crtbegin.o
 *(.bss*)
 .bss.husart1   0x0000000020000050       0x60 ./Core/Src/USART_Init_BSP.o
                0x0000000020000050                husart1
 .bss.husart2   0x00000000200000b0       0x60 ./Core/Src/USART_Init_BSP.o
                0x00000000200000b0                husart2
 .bss.master_rxdata
                0x0000000020000110       0x14 ./Core/Src/main.o
                0x0000000020000110                master_rxdata
 .bss.slave_rxdata
                0x0000000020000124       0x14 ./Core/Src/main.o
                0x0000000020000124                slave_rxdata
 .bss.FE_error  0x0000000020000138        0x1 ./Core/Src/main.o
                0x0000000020000138                FE_error
 .bss.ORE_error
                0x0000000020000139        0x1 ./Core/Src/main.o
                0x0000000020000139                ORE_error
 .bss.NE_error  0x000000002000013a        0x1 ./Core/Src/main.o
                0x000000002000013a                NE_error
 *fill*         0x000000002000013b        0x1 
 .bss.htim17    0x000000002000013c       0x4c ./Core/Src/stm32u5xx_hal_timebase_tim.o
                0x000000002000013c                htim17
 .bss.uwTick    0x0000000020000188        0x4 ./Drivers/STM32U5xx_HAL_Driver/Src/stm32u5xx_hal.o
                0x0000000020000188                uwTick
 *(COMMON)
                0x000000002000018c                _ebss = .
                0x000000002000018c                __bss_end__ = _ebss

._user_heap_stack
                0x000000002000018c      0x604 load address 0x0000000008005aa5
                0x0000000020000190                . = ALIGN (0x8)
 *fill*         0x000000002000018c        0x4 
                [!provide]                        PROVIDE (end = .)
                0x0000000020000190                PROVIDE (_end = .)
                0x0000000020000390                . = (. + _Min_Heap_Size)
 *fill*         0x0000000020000190      0x200 
                0x0000000020000790                . = (. + _Min_Stack_Size)
 *fill*         0x0000000020000390      0x400 
                0x0000000020000790                . = ALIGN (0x8)

/DISCARD/
 libc.a(*)
 libm.a(*)
 libgcc.a(*)

.ARM.attributes
                0x0000000000000000       0x36
 *(.ARM.attributes)
 .ARM.attributes
                0x0000000000000000       0x22 c:/st/stm32cubeide_1.11.0/stm32cubeide/plugins/com.st.stm32cube.ide.mcu.externaltools.gnu-tools-for-stm32.10.3-2021.10.win32_1.0.100.202210260954/tools/bin/../lib/gcc/arm-none-eabi/10.3.1/thumb/v8-m.main+fp/hard/crti.o
 .ARM.attributes
                0x0000000000000022       0x38 c:/st/stm32cubeide_1.11.0/stm32cubeide/plugins/com.st.stm32cube.ide.mcu.externaltools.gnu-tools-for-stm32.10.3-2021.10.win32_1.0.100.202210260954/tools/bin/../lib/gcc/arm-none-eabi/10.3.1/thumb/v8-m.main+fp/hard/crtbegin.o
 .ARM.attributes
                0x000000000000005a       0x3a ./Core/Src/Clock_config_BSP.o
 .ARM.attributes
                0x0000000000000094       0x3a ./Core/Src/GPIO_Init_BSP.o
 .ARM.attributes
                0x00000000000000ce       0x3a ./Core/Src/Power_config_BSP.o
 .ARM.attributes
                0x0000000000000108       0x3a ./Core/Src/USART_Init_BSP.o
 .ARM.attributes
                0x0000000000000142       0x3a ./Core/Src/main.o
 .ARM.attributes
                0x000000000000017c       0x3a ./Core/Src/stm32u5xx_hal_msp.o
 .ARM.attributes
                0x00000000000001b6       0x3a ./Core/Src/stm32u5xx_hal_timebase_tim.o
 .ARM.attributes
                0x00000000000001f0       0x3a ./Core/Src/stm32u5xx_it.o
 .ARM.attributes
                0x000000000000022a       0x3a ./Core/Src/system_stm32u5xx.o
 .ARM.attributes
                0x0000000000000264       0x24 ./Core/Startup/startup_stm32u575zitxq.o
 .ARM.attributes
                0x0000000000000288       0x3a ./Drivers/STM32U5xx_HAL_Driver/Src/stm32u5xx_hal.o
 .ARM.attributes
                0x00000000000002c2       0x3a ./Drivers/STM32U5xx_HAL_Driver/Src/stm32u5xx_hal_cortex.o
 .ARM.attributes
                0x00000000000002fc       0x3a ./Drivers/STM32U5xx_HAL_Driver/Src/stm32u5xx_hal_dma.o
 .ARM.attributes
                0x0000000000000336       0x3a ./Drivers/STM32U5xx_HAL_Driver/Src/stm32u5xx_hal_gpio.o
 .ARM.attributes
                0x0000000000000370       0x3a ./Drivers/STM32U5xx_HAL_Driver/Src/stm32u5xx_hal_icache.o
 .ARM.attributes
                0x00000000000003aa       0x3a ./Drivers/STM32U5xx_HAL_Driver/Src/stm32u5xx_hal_pwr_ex.o
 .ARM.attributes
                0x00000000000003e4       0x3a ./Drivers/STM32U5xx_HAL_Driver/Src/stm32u5xx_hal_rcc.o
 .ARM.attributes
                0x000000000000041e       0x3a ./Drivers/STM32U5xx_HAL_Driver/Src/stm32u5xx_hal_rcc_ex.o
 .ARM.attributes
                0x0000000000000458       0x3a ./Drivers/STM32U5xx_HAL_Driver/Src/stm32u5xx_hal_tim.o
 .ARM.attributes
                0x0000000000000492       0x3a ./Drivers/STM32U5xx_HAL_Driver/Src/stm32u5xx_hal_tim_ex.o
 .ARM.attributes
                0x00000000000004cc       0x3a ./Drivers/STM32U5xx_HAL_Driver/Src/stm32u5xx_hal_usart.o
 .ARM.attributes
                0x0000000000000506       0x3a ./Drivers/STM32U5xx_HAL_Driver/Src/stm32u5xx_hal_usart_ex.o
 .ARM.attributes
                0x0000000000000540       0x38 c:/st/stm32cubeide_1.11.0/stm32cubeide/plugins/com.st.stm32cube.ide.mcu.externaltools.gnu-tools-for-stm32.10.3-2021.10.win32_1.0.100.202210260954/tools/bin/../lib/gcc/arm-none-eabi/10.3.1/../../../../arm-none-eabi/lib/thumb/v8-m.main+fp/hard\libc_nano.a(lib_a-init.o)
 .ARM.attributes
                0x0000000000000578       0x38 c:/st/stm32cubeide_1.11.0/stm32cubeide/plugins/com.st.stm32cube.ide.mcu.externaltools.gnu-tools-for-stm32.10.3-2021.10.win32_1.0.100.202210260954/tools/bin/../lib/gcc/arm-none-eabi/10.3.1/../../../../arm-none-eabi/lib/thumb/v8-m.main+fp/hard\libc_nano.a(lib_a-memset.o)
 .ARM.attributes
                0x00000000000005b0       0x22 c:/st/stm32cubeide_1.11.0/stm32cubeide/plugins/com.st.stm32cube.ide.mcu.externaltools.gnu-tools-for-stm32.10.3-2021.10.win32_1.0.100.202210260954/tools/bin/../lib/gcc/arm-none-eabi/10.3.1/thumb/v8-m.main+fp/hard/crtn.o
OUTPUT(USART_FULL_DUPLEX.elf elf32-littlearm)
LOAD linker stubs
LOAD c:/st/stm32cubeide_1.11.0/stm32cubeide/plugins/com.st.stm32cube.ide.mcu.externaltools.gnu-tools-for-stm32.10.3-2021.10.win32_1.0.100.202210260954/tools/bin/../lib/gcc/arm-none-eabi/10.3.1/../../../../arm-none-eabi/lib/thumb/v8-m.main+fp/hard\libc.a
LOAD c:/st/stm32cubeide_1.11.0/stm32cubeide/plugins/com.st.stm32cube.ide.mcu.externaltools.gnu-tools-for-stm32.10.3-2021.10.win32_1.0.100.202210260954/tools/bin/../lib/gcc/arm-none-eabi/10.3.1/../../../../arm-none-eabi/lib/thumb/v8-m.main+fp/hard\libm.a
LOAD c:/st/stm32cubeide_1.11.0/stm32cubeide/plugins/com.st.stm32cube.ide.mcu.externaltools.gnu-tools-for-stm32.10.3-2021.10.win32_1.0.100.202210260954/tools/bin/../lib/gcc/arm-none-eabi/10.3.1/thumb/v8-m.main+fp/hard\libgcc.a

.debug_info     0x0000000000000000    0x157e0
 .debug_info    0x0000000000000000      0x347 ./Core/Src/Clock_config_BSP.o
 .debug_info    0x0000000000000347      0x6bc ./Core/Src/GPIO_Init_BSP.o
 .debug_info    0x0000000000000a03      0x11a ./Core/Src/Power_config_BSP.o
 .debug_info    0x0000000000000b1d      0x933 ./Core/Src/USART_Init_BSP.o
 .debug_info    0x0000000000001450      0xf72 ./Core/Src/main.o
 .debug_info    0x00000000000023c2     0x1523 ./Core/Src/stm32u5xx_hal_msp.o
 .debug_info    0x00000000000038e5     0x11d5 ./Core/Src/stm32u5xx_hal_timebase_tim.o
 .debug_info    0x0000000000004aba      0xd52 ./Core/Src/stm32u5xx_it.o
 .debug_info    0x000000000000580c      0x8f2 ./Core/Src/system_stm32u5xx.o
 .debug_info    0x00000000000060fe       0x22 ./Core/Startup/startup_stm32u575zitxq.o
 .debug_info    0x0000000000006120     0x11b5 ./Drivers/STM32U5xx_HAL_Driver/Src/stm32u5xx_hal.o
 .debug_info    0x00000000000072d5     0x15b9 ./Drivers/STM32U5xx_HAL_Driver/Src/stm32u5xx_hal_cortex.o
 .debug_info    0x000000000000888e      0xb5c ./Drivers/STM32U5xx_HAL_Driver/Src/stm32u5xx_hal_dma.o
 .debug_info    0x00000000000093ea      0x880 ./Drivers/STM32U5xx_HAL_Driver/Src/stm32u5xx_hal_gpio.o
 .debug_info    0x0000000000009c6a      0x592 ./Drivers/STM32U5xx_HAL_Driver/Src/stm32u5xx_hal_icache.o
 .debug_info    0x000000000000a1fc      0xe83 ./Drivers/STM32U5xx_HAL_Driver/Src/stm32u5xx_hal_pwr_ex.o
 .debug_info    0x000000000000b07f     0x1392 ./Drivers/STM32U5xx_HAL_Driver/Src/stm32u5xx_hal_rcc.o
 .debug_info    0x000000000000c411     0x163d ./Drivers/STM32U5xx_HAL_Driver/Src/stm32u5xx_hal_rcc_ex.o
 .debug_info    0x000000000000da4e     0x309f ./Drivers/STM32U5xx_HAL_Driver/Src/stm32u5xx_hal_tim.o
 .debug_info    0x0000000000010aed     0x2461 ./Drivers/STM32U5xx_HAL_Driver/Src/stm32u5xx_hal_tim_ex.o
 .debug_info    0x0000000000012f4e     0x1c52 ./Drivers/STM32U5xx_HAL_Driver/Src/stm32u5xx_hal_usart.o
 .debug_info    0x0000000000014ba0      0xc40 ./Drivers/STM32U5xx_HAL_Driver/Src/stm32u5xx_hal_usart_ex.o

.debug_abbrev   0x0000000000000000     0x2b58
 .debug_abbrev  0x0000000000000000       0xf5 ./Core/Src/Clock_config_BSP.o
 .debug_abbrev  0x00000000000000f5      0x16d ./Core/Src/GPIO_Init_BSP.o
 .debug_abbrev  0x0000000000000262       0xb6 ./Core/Src/Power_config_BSP.o
 .debug_abbrev  0x0000000000000318      0x160 ./Core/Src/USART_Init_BSP.o
 .debug_abbrev  0x0000000000000478      0x2a5 ./Core/Src/main.o
 .debug_abbrev  0x000000000000071d      0x203 ./Core/Src/stm32u5xx_hal_msp.o
 .debug_abbrev  0x0000000000000920      0x22c ./Core/Src/stm32u5xx_hal_timebase_tim.o
 .debug_abbrev  0x0000000000000b4c      0x1a9 ./Core/Src/stm32u5xx_it.o
 .debug_abbrev  0x0000000000000cf5      0x127 ./Core/Src/system_stm32u5xx.o
 .debug_abbrev  0x0000000000000e1c       0x12 ./Core/Startup/startup_stm32u575zitxq.o
 .debug_abbrev  0x0000000000000e2e      0x285 ./Drivers/STM32U5xx_HAL_Driver/Src/stm32u5xx_hal.o
 .debug_abbrev  0x00000000000010b3      0x303 ./Drivers/STM32U5xx_HAL_Driver/Src/stm32u5xx_hal_cortex.o
 .debug_abbrev  0x00000000000013b6      0x1f0 ./Drivers/STM32U5xx_HAL_Driver/Src/stm32u5xx_hal_dma.o
 .debug_abbrev  0x00000000000015a6      0x246 ./Drivers/STM32U5xx_HAL_Driver/Src/stm32u5xx_hal_gpio.o
 .debug_abbrev  0x00000000000017ec      0x22f ./Drivers/STM32U5xx_HAL_Driver/Src/stm32u5xx_hal_icache.o
 .debug_abbrev  0x0000000000001a1b      0x20d ./Drivers/STM32U5xx_HAL_Driver/Src/stm32u5xx_hal_pwr_ex.o
 .debug_abbrev  0x0000000000001c28      0x2b9 ./Drivers/STM32U5xx_HAL_Driver/Src/stm32u5xx_hal_rcc.o
 .debug_abbrev  0x0000000000001ee1      0x299 ./Drivers/STM32U5xx_HAL_Driver/Src/stm32u5xx_hal_rcc_ex.o
 .debug_abbrev  0x000000000000217a      0x2a6 ./Drivers/STM32U5xx_HAL_Driver/Src/stm32u5xx_hal_tim.o
 .debug_abbrev  0x0000000000002420      0x2bb ./Drivers/STM32U5xx_HAL_Driver/Src/stm32u5xx_hal_tim_ex.o
 .debug_abbrev  0x00000000000026db      0x286 ./Drivers/STM32U5xx_HAL_Driver/Src/stm32u5xx_hal_usart.o
 .debug_abbrev  0x0000000000002961      0x1f7 ./Drivers/STM32U5xx_HAL_Driver/Src/stm32u5xx_hal_usart_ex.o

.debug_aranges  0x0000000000000000     0x1228
 .debug_aranges
                0x0000000000000000       0x20 ./Core/Src/Clock_config_BSP.o
 .debug_aranges
                0x0000000000000020       0x20 ./Core/Src/GPIO_Init_BSP.o
 .debug_aranges
                0x0000000000000040       0x20 ./Core/Src/Power_config_BSP.o
 .debug_aranges
                0x0000000000000060       0x28 ./Core/Src/USART_Init_BSP.o
 .debug_aranges
                0x0000000000000088       0x38 ./Core/Src/main.o
 .debug_aranges
                0x00000000000000c0       0x30 ./Core/Src/stm32u5xx_hal_msp.o
 .debug_aranges
                0x00000000000000f0       0x30 ./Core/Src/stm32u5xx_hal_timebase_tim.o
 .debug_aranges
                0x0000000000000120       0x78 ./Core/Src/stm32u5xx_it.o
 .debug_aranges
                0x0000000000000198       0x28 ./Core/Src/system_stm32u5xx.o
 .debug_aranges
                0x00000000000001c0       0x28 ./Core/Startup/startup_stm32u575zitxq.o
 .debug_aranges
                0x00000000000001e8      0x120 ./Drivers/STM32U5xx_HAL_Driver/Src/stm32u5xx_hal.o
 .debug_aranges
                0x0000000000000308      0x130 ./Drivers/STM32U5xx_HAL_Driver/Src/stm32u5xx_hal_cortex.o
 .debug_aranges
                0x0000000000000438       0xa0 ./Drivers/STM32U5xx_HAL_Driver/Src/stm32u5xx_hal_dma.o
 .debug_aranges
                0x00000000000004d8       0x70 ./Drivers/STM32U5xx_HAL_Driver/Src/stm32u5xx_hal_gpio.o
 .debug_aranges
                0x0000000000000548       0xa8 ./Drivers/STM32U5xx_HAL_Driver/Src/stm32u5xx_hal_icache.o
 .debug_aranges
                0x00000000000005f0      0x200 ./Drivers/STM32U5xx_HAL_Driver/Src/stm32u5xx_hal_pwr_ex.o
 .debug_aranges
                0x00000000000007f0       0xa8 ./Drivers/STM32U5xx_HAL_Driver/Src/stm32u5xx_hal_rcc.o
 .debug_aranges
                0x0000000000000898      0x138 ./Drivers/STM32U5xx_HAL_Driver/Src/stm32u5xx_hal_rcc_ex.o
 .debug_aranges
                0x00000000000009d0      0x3e8 ./Drivers/STM32U5xx_HAL_Driver/Src/stm32u5xx_hal_tim.o
 .debug_aranges
                0x0000000000000db8      0x250 ./Drivers/STM32U5xx_HAL_Driver/Src/stm32u5xx_hal_tim_ex.o
 .debug_aranges
                0x0000000000001008      0x1a0 ./Drivers/STM32U5xx_HAL_Driver/Src/stm32u5xx_hal_usart.o
 .debug_aranges
                0x00000000000011a8       0x80 ./Drivers/STM32U5xx_HAL_Driver/Src/stm32u5xx_hal_usart_ex.o

.debug_ranges   0x0000000000000000     0x10d0
 .debug_ranges  0x0000000000000000       0x10 ./Core/Src/Clock_config_BSP.o
 .debug_ranges  0x0000000000000010       0x10 ./Core/Src/GPIO_Init_BSP.o
 .debug_ranges  0x0000000000000020       0x10 ./Core/Src/Power_config_BSP.o
 .debug_ranges  0x0000000000000030       0x18 ./Core/Src/USART_Init_BSP.o
 .debug_ranges  0x0000000000000048       0x28 ./Core/Src/main.o
 .debug_ranges  0x0000000000000070       0x20 ./Core/Src/stm32u5xx_hal_msp.o
 .debug_ranges  0x0000000000000090       0x20 ./Core/Src/stm32u5xx_hal_timebase_tim.o
 .debug_ranges  0x00000000000000b0       0x68 ./Core/Src/stm32u5xx_it.o
 .debug_ranges  0x0000000000000118       0x18 ./Core/Src/system_stm32u5xx.o
 .debug_ranges  0x0000000000000130       0x20 ./Core/Startup/startup_stm32u575zitxq.o
 .debug_ranges  0x0000000000000150      0x110 ./Drivers/STM32U5xx_HAL_Driver/Src/stm32u5xx_hal.o
 .debug_ranges  0x0000000000000260      0x120 ./Drivers/STM32U5xx_HAL_Driver/Src/stm32u5xx_hal_cortex.o
 .debug_ranges  0x0000000000000380       0x90 ./Drivers/STM32U5xx_HAL_Driver/Src/stm32u5xx_hal_dma.o
 .debug_ranges  0x0000000000000410       0x60 ./Drivers/STM32U5xx_HAL_Driver/Src/stm32u5xx_hal_gpio.o
 .debug_ranges  0x0000000000000470       0x98 ./Drivers/STM32U5xx_HAL_Driver/Src/stm32u5xx_hal_icache.o
 .debug_ranges  0x0000000000000508      0x1f0 ./Drivers/STM32U5xx_HAL_Driver/Src/stm32u5xx_hal_pwr_ex.o
 .debug_ranges  0x00000000000006f8       0x98 ./Drivers/STM32U5xx_HAL_Driver/Src/stm32u5xx_hal_rcc.o
 .debug_ranges  0x0000000000000790      0x128 ./Drivers/STM32U5xx_HAL_Driver/Src/stm32u5xx_hal_rcc_ex.o
 .debug_ranges  0x00000000000008b8      0x3d8 ./Drivers/STM32U5xx_HAL_Driver/Src/stm32u5xx_hal_tim.o
 .debug_ranges  0x0000000000000c90      0x240 ./Drivers/STM32U5xx_HAL_Driver/Src/stm32u5xx_hal_tim_ex.o
 .debug_ranges  0x0000000000000ed0      0x190 ./Drivers/STM32U5xx_HAL_Driver/Src/stm32u5xx_hal_usart.o
 .debug_ranges  0x0000000000001060       0x70 ./Drivers/STM32U5xx_HAL_Driver/Src/stm32u5xx_hal_usart_ex.o

.debug_macro    0x0000000000000000    0x32b96
 .debug_macro   0x0000000000000000      0x286 ./Core/Src/Clock_config_BSP.o
 .debug_macro   0x0000000000000286      0xa7e ./Core/Src/Clock_config_BSP.o
 .debug_macro   0x0000000000000d04      0x1e6 ./Core/Src/Clock_config_BSP.o
 .debug_macro   0x0000000000000eea       0x2e ./Core/Src/Clock_config_BSP.o
 .debug_macro   0x0000000000000f18       0x42 ./Core/Src/Clock_config_BSP.o
 .debug_macro   0x0000000000000f5a       0x22 ./Core/Src/Clock_config_BSP.o
 .debug_macro   0x0000000000000f7c       0x8e ./Core/Src/Clock_config_BSP.o
 .debug_macro   0x000000000000100a       0x51 ./Core/Src/Clock_config_BSP.o
 .debug_macro   0x000000000000105b      0x103 ./Core/Src/Clock_config_BSP.o
 .debug_macro   0x000000000000115e       0x6a ./Core/Src/Clock_config_BSP.o
 .debug_macro   0x00000000000011c8      0x1df ./Core/Src/Clock_config_BSP.o
 .debug_macro   0x00000000000013a7       0x1c ./Core/Src/Clock_config_BSP.o
 .debug_macro   0x00000000000013c3       0x29 ./Core/Src/Clock_config_BSP.o
 .debug_macro   0x00000000000013ec       0xfb ./Core/Src/Clock_config_BSP.o
 .debug_macro   0x00000000000014e7     0x1336 ./Core/Src/Clock_config_BSP.o
 .debug_macro   0x000000000000281d       0x5e ./Core/Src/Clock_config_BSP.o
 .debug_macro   0x000000000000287b    0x226bd ./Core/Src/Clock_config_BSP.o
 .debug_macro   0x0000000000024f38       0x6d ./Core/Src/Clock_config_BSP.o
 .debug_macro   0x0000000000024fa5     0x3794 ./Core/Src/Clock_config_BSP.o
 .debug_macro   0x0000000000028739      0x174 ./Core/Src/Clock_config_BSP.o
 .debug_macro   0x00000000000288ad       0x52 ./Core/Src/Clock_config_BSP.o
 .debug_macro   0x00000000000288ff       0x1e ./Core/Src/Clock_config_BSP.o
 .debug_macro   0x000000000002891d       0x3c ./Core/Src/Clock_config_BSP.o
 .debug_macro   0x0000000000028959       0x34 ./Core/Src/Clock_config_BSP.o
 .debug_macro   0x000000000002898d       0x16 ./Core/Src/Clock_config_BSP.o
 .debug_macro   0x00000000000289a3       0x43 ./Core/Src/Clock_config_BSP.o
 .debug_macro   0x00000000000289e6       0x34 ./Core/Src/Clock_config_BSP.o
 .debug_macro   0x0000000000028a1a       0x10 ./Core/Src/Clock_config_BSP.o
 .debug_macro   0x0000000000028a2a       0x58 ./Core/Src/Clock_config_BSP.o
 .debug_macro   0x0000000000028a82       0x71 ./Core/Src/Clock_config_BSP.o
 .debug_macro   0x0000000000028af3       0x1c ./Core/Src/Clock_config_BSP.o
 .debug_macro   0x0000000000028b0f      0x12a ./Core/Src/Clock_config_BSP.o
 .debug_macro   0x0000000000028c39      0x341 ./Core/Src/Clock_config_BSP.o
 .debug_macro   0x0000000000028f7a      0x19b ./Core/Src/Clock_config_BSP.o
 .debug_macro   0x0000000000029115       0x5d ./Core/Src/Clock_config_BSP.o
 .debug_macro   0x0000000000029172     0x1bb7 ./Core/Src/Clock_config_BSP.o
 .debug_macro   0x000000000002ad29      0x7ff ./Core/Src/Clock_config_BSP.o
 .debug_macro   0x000000000002b528      0x158 ./Core/Src/Clock_config_BSP.o
 .debug_macro   0x000000000002b680      0x2aa ./Core/Src/Clock_config_BSP.o
 .debug_macro   0x000000000002b92a       0xc8 ./Core/Src/Clock_config_BSP.o
 .debug_macro   0x000000000002b9f2      0x5a5 ./Core/Src/Clock_config_BSP.o
 .debug_macro   0x000000000002bf97      0x432 ./Core/Src/Clock_config_BSP.o
 .debug_macro   0x000000000002c3c9       0xd6 ./Core/Src/Clock_config_BSP.o
 .debug_macro   0x000000000002c49f      0x1cd ./Core/Src/Clock_config_BSP.o
 .debug_macro   0x000000000002c66c      0x432 ./Core/Src/Clock_config_BSP.o
 .debug_macro   0x000000000002ca9e       0x95 ./Core/Src/Clock_config_BSP.o
 .debug_macro   0x000000000002cb33      0x11c ./Core/Src/Clock_config_BSP.o
 .debug_macro   0x000000000002cc4f      0x517 ./Core/Src/Clock_config_BSP.o
 .debug_macro   0x000000000002d166      0x4d4 ./Core/Src/Clock_config_BSP.o
 .debug_macro   0x000000000002d63a      0xbc5 ./Core/Src/Clock_config_BSP.o
 .debug_macro   0x000000000002e1ff      0x4ea ./Core/Src/Clock_config_BSP.o
 .debug_macro   0x000000000002e6e9      0x359 ./Core/Src/Clock_config_BSP.o
 .debug_macro   0x000000000002ea42      0x159 ./Core/Src/Clock_config_BSP.o
 .debug_macro   0x000000000002eb9b      0x1b7 ./Core/Src/Clock_config_BSP.o
 .debug_macro   0x000000000002ed52      0x361 ./Core/Src/Clock_config_BSP.o
 .debug_macro   0x000000000002f0b3       0x52 ./Core/Src/Clock_config_BSP.o
 .debug_macro   0x000000000002f105      0x286 ./Core/Src/GPIO_Init_BSP.o
 .debug_macro   0x000000000002f38b      0x286 ./Core/Src/Power_config_BSP.o
 .debug_macro   0x000000000002f611      0x286 ./Core/Src/USART_Init_BSP.o
 .debug_macro   0x000000000002f897      0x3b5 ./Core/Src/main.o
 .debug_macro   0x000000000002fc4c       0x1c ./Core/Src/main.o
 .debug_macro   0x000000000002fc68       0x35 ./Core/Src/main.o
 .debug_macro   0x000000000002fc9d       0x10 ./Core/Src/main.o
 .debug_macro   0x000000000002fcad       0x10 ./Core/Src/main.o
 .debug_macro   0x000000000002fcbd       0x1c ./Core/Src/main.o
 .debug_macro   0x000000000002fcd9       0x52 ./Core/Src/main.o
 .debug_macro   0x000000000002fd2b       0x22 ./Core/Src/main.o
 .debug_macro   0x000000000002fd4d       0x10 ./Core/Src/main.o
 .debug_macro   0x000000000002fd5d       0x52 ./Core/Src/main.o
 .debug_macro   0x000000000002fdaf       0xd5 ./Core/Src/main.o
 .debug_macro   0x000000000002fe84       0x1c ./Core/Src/main.o
 .debug_macro   0x000000000002fea0       0x3d ./Core/Src/main.o
 .debug_macro   0x000000000002fedd       0x16 ./Core/Src/main.o
 .debug_macro   0x000000000002fef3      0x145 ./Core/Src/main.o
 .debug_macro   0x0000000000030038       0x16 ./Core/Src/main.o
 .debug_macro   0x000000000003004e       0x16 ./Core/Src/main.o
 .debug_macro   0x0000000000030064       0x29 ./Core/Src/main.o
 .debug_macro   0x000000000003008d       0x16 ./Core/Src/main.o
 .debug_macro   0x00000000000300a3       0x20 ./Core/Src/main.o
 .debug_macro   0x00000000000300c3      0x286 ./Core/Src/stm32u5xx_hal_msp.o
 .debug_macro   0x0000000000030349      0x277 ./Core/Src/stm32u5xx_hal_timebase_tim.o
 .debug_macro   0x00000000000305c0      0x290 ./Core/Src/stm32u5xx_it.o
 .debug_macro   0x0000000000030850      0x27e ./Core/Src/system_stm32u5xx.o
 .debug_macro   0x0000000000030ace      0x29b ./Drivers/STM32U5xx_HAL_Driver/Src/stm32u5xx_hal.o
 .debug_macro   0x0000000000030d69      0x277 ./Drivers/STM32U5xx_HAL_Driver/Src/stm32u5xx_hal_cortex.o
 .debug_macro   0x0000000000030fe0      0x278 ./Drivers/STM32U5xx_HAL_Driver/Src/stm32u5xx_hal_dma.o
 .debug_macro   0x0000000000031258      0x2a9 ./Drivers/STM32U5xx_HAL_Driver/Src/stm32u5xx_hal_gpio.o
 .debug_macro   0x0000000000031501      0x2a7 ./Drivers/STM32U5xx_HAL_Driver/Src/stm32u5xx_hal_icache.o
 .debug_macro   0x00000000000317a8      0x2a2 ./Drivers/STM32U5xx_HAL_Driver/Src/stm32u5xx_hal_pwr_ex.o
 .debug_macro   0x0000000000031a4a      0x377 ./Drivers/STM32U5xx_HAL_Driver/Src/stm32u5xx_hal_rcc.o
 .debug_macro   0x0000000000031dc1      0x3ad ./Drivers/STM32U5xx_HAL_Driver/Src/stm32u5xx_hal_rcc_ex.o
 .debug_macro   0x000000000003216e      0x27f ./Drivers/STM32U5xx_HAL_Driver/Src/stm32u5xx_hal_tim.o
 .debug_macro   0x00000000000323ed      0x27d ./Drivers/STM32U5xx_HAL_Driver/Src/stm32u5xx_hal_tim_ex.o
 .debug_macro   0x000000000003266a      0x2a9 ./Drivers/STM32U5xx_HAL_Driver/Src/stm32u5xx_hal_usart.o
 .debug_macro   0x0000000000032913      0x283 ./Drivers/STM32U5xx_HAL_Driver/Src/stm32u5xx_hal_usart_ex.o

.debug_line     0x0000000000000000    0x176d9
 .debug_line    0x0000000000000000      0x857 ./Core/Src/Clock_config_BSP.o
 .debug_line    0x0000000000000857      0x87b ./Core/Src/GPIO_Init_BSP.o
 .debug_line    0x00000000000010d2      0x817 ./Core/Src/Power_config_BSP.o
 .debug_line    0x00000000000018e9      0x8b5 ./Core/Src/USART_Init_BSP.o
 .debug_line    0x000000000000219e      0x9e0 ./Core/Src/main.o
 .debug_line    0x0000000000002b7e      0x8b5 ./Core/Src/stm32u5xx_hal_msp.o
 .debug_line    0x0000000000003433      0x87a ./Core/Src/stm32u5xx_hal_timebase_tim.o
 .debug_line    0x0000000000003cad      0x917 ./Core/Src/stm32u5xx_it.o
 .debug_line    0x00000000000045c4      0x90a ./Core/Src/system_stm32u5xx.o
 .debug_line    0x0000000000004ece       0x86 ./Core/Startup/startup_stm32u575zitxq.o
 .debug_line    0x0000000000004f54      0xbd4 ./Drivers/STM32U5xx_HAL_Driver/Src/stm32u5xx_hal.o
 .debug_line    0x0000000000005b28      0xe19 ./Drivers/STM32U5xx_HAL_Driver/Src/stm32u5xx_hal_cortex.o
 .debug_line    0x0000000000006941     0x1267 ./Drivers/STM32U5xx_HAL_Driver/Src/stm32u5xx_hal_dma.o
 .debug_line    0x0000000000007ba8      0xd5e ./Drivers/STM32U5xx_HAL_Driver/Src/stm32u5xx_hal_gpio.o
 .debug_line    0x0000000000008906      0xafc ./Drivers/STM32U5xx_HAL_Driver/Src/stm32u5xx_hal_icache.o
 .debug_line    0x0000000000009402     0x1197 ./Drivers/STM32U5xx_HAL_Driver/Src/stm32u5xx_hal_pwr_ex.o
 .debug_line    0x000000000000a599     0x15ac ./Drivers/STM32U5xx_HAL_Driver/Src/stm32u5xx_hal_rcc.o
 .debug_line    0x000000000000bb45     0x21bc ./Drivers/STM32U5xx_HAL_Driver/Src/stm32u5xx_hal_rcc_ex.o
 .debug_line    0x000000000000dd01     0x44bd ./Drivers/STM32U5xx_HAL_Driver/Src/stm32u5xx_hal_tim.o
 .debug_line    0x00000000000121be     0x2358 ./Drivers/STM32U5xx_HAL_Driver/Src/stm32u5xx_hal_tim_ex.o
 .debug_line    0x0000000000014516     0x2512 ./Drivers/STM32U5xx_HAL_Driver/Src/stm32u5xx_hal_usart.o
 .debug_line    0x0000000000016a28      0xcb1 ./Drivers/STM32U5xx_HAL_Driver/Src/stm32u5xx_hal_usart_ex.o

.debug_str      0x0000000000000000   0x13f9f1
 .debug_str     0x0000000000000000   0x1352da ./Core/Src/Clock_config_BSP.o
                                     0x135d76 (size before relaxing)
 .debug_str     0x00000000001352da      0x31e ./Core/Src/GPIO_Init_BSP.o
                                     0x135e64 (size before relaxing)
 .debug_str     0x00000000001355f8       0x6a ./Core/Src/Power_config_BSP.o
                                     0x135be3 (size before relaxing)
 .debug_str     0x0000000000135662      0x600 ./Core/Src/USART_Init_BSP.o
                                     0x136219 (size before relaxing)
 .debug_str     0x0000000000135c62     0x1505 ./Core/Src/main.o
                                     0x137791 (size before relaxing)
 .debug_str     0x0000000000137167      0xad3 ./Core/Src/stm32u5xx_hal_msp.o
                                     0x136f09 (size before relaxing)
 .debug_str     0x0000000000137c3a       0xf8 ./Core/Src/stm32u5xx_hal_timebase_tim.o
                                     0x136b79 (size before relaxing)
 .debug_str     0x0000000000137d32      0x11a ./Core/Src/stm32u5xx_it.o
                                     0x136568 (size before relaxing)
 .debug_str     0x0000000000137e4c      0x1b8 ./Core/Src/system_stm32u5xx.o
                                     0x135dd3 (size before relaxing)
 .debug_str     0x0000000000138004       0x37 ./Core/Startup/startup_stm32u575zitxq.o
                                         0x7c (size before relaxing)
 .debug_str     0x000000000013803b      0x6c6 ./Drivers/STM32U5xx_HAL_Driver/Src/stm32u5xx_hal.o
                                     0x136b80 (size before relaxing)
 .debug_str     0x0000000000138701      0x396 ./Drivers/STM32U5xx_HAL_Driver/Src/stm32u5xx_hal_cortex.o
                                     0x1369a7 (size before relaxing)
 .debug_str     0x0000000000138a97      0x33d ./Drivers/STM32U5xx_HAL_Driver/Src/stm32u5xx_hal_dma.o
                                     0x136152 (size before relaxing)
 .debug_str     0x0000000000138dd4      0x2a3 ./Drivers/STM32U5xx_HAL_Driver/Src/stm32u5xx_hal_gpio.o
                                     0x135dda (size before relaxing)
 .debug_str     0x0000000000139077      0x685 ./Drivers/STM32U5xx_HAL_Driver/Src/stm32u5xx_hal_icache.o
                                     0x136127 (size before relaxing)
 .debug_str     0x00000000001396fc      0x807 ./Drivers/STM32U5xx_HAL_Driver/Src/stm32u5xx_hal_pwr_ex.o
                                     0x136509 (size before relaxing)
 .debug_str     0x0000000000139f03     0x1291 ./Drivers/STM32U5xx_HAL_Driver/Src/stm32u5xx_hal_rcc.o
                                     0x1374aa (size before relaxing)
 .debug_str     0x000000000013b194     0x252c ./Drivers/STM32U5xx_HAL_Driver/Src/stm32u5xx_hal_rcc_ex.o
                                     0x138751 (size before relaxing)
 .debug_str     0x000000000013d6c0      0xfa3 ./Drivers/STM32U5xx_HAL_Driver/Src/stm32u5xx_hal_tim.o
                                     0x137217 (size before relaxing)
 .debug_str     0x000000000013e663      0x9cb ./Drivers/STM32U5xx_HAL_Driver/Src/stm32u5xx_hal_tim_ex.o
                                     0x13709f (size before relaxing)
 .debug_str     0x000000000013f02e      0x7de ./Drivers/STM32U5xx_HAL_Driver/Src/stm32u5xx_hal_usart.o
                                     0x136b40 (size before relaxing)
 .debug_str     0x000000000013f80c      0x1e5 ./Drivers/STM32U5xx_HAL_Driver/Src/stm32u5xx_hal_usart_ex.o
                                     0x1362c8 (size before relaxing)

.comment        0x0000000000000000       0x50
 .comment       0x0000000000000000       0x50 ./Core/Src/Clock_config_BSP.o
                                         0x51 (size before relaxing)
 .comment       0x0000000000000050       0x51 ./Core/Src/GPIO_Init_BSP.o
 .comment       0x0000000000000050       0x51 ./Core/Src/Power_config_BSP.o
 .comment       0x0000000000000050       0x51 ./Core/Src/USART_Init_BSP.o
 .comment       0x0000000000000050       0x51 ./Core/Src/main.o
 .comment       0x0000000000000050       0x51 ./Core/Src/stm32u5xx_hal_msp.o
 .comment       0x0000000000000050       0x51 ./Core/Src/stm32u5xx_hal_timebase_tim.o
 .comment       0x0000000000000050       0x51 ./Core/Src/stm32u5xx_it.o
 .comment       0x0000000000000050       0x51 ./Core/Src/system_stm32u5xx.o
 .comment       0x0000000000000050       0x51 ./Drivers/STM32U5xx_HAL_Driver/Src/stm32u5xx_hal.o
 .comment       0x0000000000000050       0x51 ./Drivers/STM32U5xx_HAL_Driver/Src/stm32u5xx_hal_cortex.o
 .comment       0x0000000000000050       0x51 ./Drivers/STM32U5xx_HAL_Driver/Src/stm32u5xx_hal_dma.o
 .comment       0x0000000000000050       0x51 ./Drivers/STM32U5xx_HAL_Driver/Src/stm32u5xx_hal_gpio.o
 .comment       0x0000000000000050       0x51 ./Drivers/STM32U5xx_HAL_Driver/Src/stm32u5xx_hal_icache.o
 .comment       0x0000000000000050       0x51 ./Drivers/STM32U5xx_HAL_Driver/Src/stm32u5xx_hal_pwr_ex.o
 .comment       0x0000000000000050       0x51 ./Drivers/STM32U5xx_HAL_Driver/Src/stm32u5xx_hal_rcc.o
 .comment       0x0000000000000050       0x51 ./Drivers/STM32U5xx_HAL_Driver/Src/stm32u5xx_hal_rcc_ex.o
 .comment       0x0000000000000050       0x51 ./Drivers/STM32U5xx_HAL_Driver/Src/stm32u5xx_hal_tim.o
 .comment       0x0000000000000050       0x51 ./Drivers/STM32U5xx_HAL_Driver/Src/stm32u5xx_hal_tim_ex.o
 .comment       0x0000000000000050       0x51 ./Drivers/STM32U5xx_HAL_Driver/Src/stm32u5xx_hal_usart.o
 .comment       0x0000000000000050       0x51 ./Drivers/STM32U5xx_HAL_Driver/Src/stm32u5xx_hal_usart_ex.o

.debug_frame    0x0000000000000000     0x4b50
 .debug_frame   0x0000000000000000       0x38 ./Core/Src/Clock_config_BSP.o
 .debug_frame   0x0000000000000038       0x34 ./Core/Src/GPIO_Init_BSP.o
 .debug_frame   0x000000000000006c       0x2c ./Core/Src/Power_config_BSP.o
 .debug_frame   0x0000000000000098       0x48 ./Core/Src/USART_Init_BSP.o
 .debug_frame   0x00000000000000e0       0x84 ./Core/Src/main.o
 .debug_frame   0x0000000000000164       0x80 ./Core/Src/stm32u5xx_hal_msp.o
 .debug_frame   0x00000000000001e4       0x74 ./Core/Src/stm32u5xx_hal_timebase_tim.o
 .debug_frame   0x0000000000000258      0x15c ./Core/Src/stm32u5xx_it.o
 .debug_frame   0x00000000000003b4       0x58 ./Core/Src/system_stm32u5xx.o
 .debug_frame   0x000000000000040c      0x460 ./Drivers/STM32U5xx_HAL_Driver/Src/stm32u5xx_hal.o
 .debug_frame   0x000000000000086c      0x508 ./Drivers/STM32U5xx_HAL_Driver/Src/stm32u5xx_hal_cortex.o
 .debug_frame   0x0000000000000d74      0x2a0 ./Drivers/STM32U5xx_HAL_Driver/Src/stm32u5xx_hal_dma.o
 .debug_frame   0x0000000000001014      0x1c4 ./Drivers/STM32U5xx_HAL_Driver/Src/stm32u5xx_hal_gpio.o
 .debug_frame   0x00000000000011d8      0x29c ./Drivers/STM32U5xx_HAL_Driver/Src/stm32u5xx_hal_icache.o
 .debug_frame   0x0000000000001474      0x84c ./Drivers/STM32U5xx_HAL_Driver/Src/stm32u5xx_hal_pwr_ex.o
 .debug_frame   0x0000000000001cc0      0x28c ./Drivers/STM32U5xx_HAL_Driver/Src/stm32u5xx_hal_rcc.o
 .debug_frame   0x0000000000001f4c      0x53c ./Drivers/STM32U5xx_HAL_Driver/Src/stm32u5xx_hal_rcc_ex.o
 .debug_frame   0x0000000000002488     0x125c ./Drivers/STM32U5xx_HAL_Driver/Src/stm32u5xx_hal_tim.o
 .debug_frame   0x00000000000036e4      0xab8 ./Drivers/STM32U5xx_HAL_Driver/Src/stm32u5xx_hal_tim_ex.o
 .debug_frame   0x000000000000419c      0x75c ./Drivers/STM32U5xx_HAL_Driver/Src/stm32u5xx_hal_usart.o
 .debug_frame   0x00000000000048f8      0x20c ./Drivers/STM32U5xx_HAL_Driver/Src/stm32u5xx_hal_usart_ex.o
 .debug_frame   0x0000000000004b04       0x2c c:/st/stm32cubeide_1.11.0/stm32cubeide/plugins/com.st.stm32cube.ide.mcu.externaltools.gnu-tools-for-stm32.10.3-2021.10.win32_1.0.100.202210260954/tools/bin/../lib/gcc/arm-none-eabi/10.3.1/../../../../arm-none-eabi/lib/thumb/v8-m.main+fp/hard\libc_nano.a(lib_a-init.o)
 .debug_frame   0x0000000000004b30       0x20 c:/st/stm32cubeide_1.11.0/stm32cubeide/plugins/com.st.stm32cube.ide.mcu.externaltools.gnu-tools-for-stm32.10.3-2021.10.win32_1.0.100.202210260954/tools/bin/../lib/gcc/arm-none-eabi/10.3.1/../../../../arm-none-eabi/lib/thumb/v8-m.main+fp/hard\libc_nano.a(lib_a-memset.o)
